Product: MDK-ARM Professional 5.10
Component: ARM Compiler 5.04 update 1 (build 49)
Tool: armlink [5040049]

==============================================================================

Section Cross References

    main.o(.text) refers to misc.o(.text) for NVIC_PriorityGroupConfig
    main.o(.text) refers to can1.o(.text) for CAN1_Configuration
    main.o(.text) refers to led.o(.text) for LED_GPIO_Config
    main.o(.text) refers to ps2.o(.text) for PS2_Init
    main.o(.text) refers to stm32f4xx_gpio.o(.text) for GPIO_ResetBits
    main.o(.text) refers to delay.o(.text) for delay_ms
    main.o(.text) refers to main.o(.data) for temp_pwm
    can1.o(.text) refers to stm32f4xx_rcc.o(.text) for RCC_AHB1PeriphClockCmd
    can1.o(.text) refers to stm32f4xx_gpio.o(.text) for GPIO_PinAFConfig
    can1.o(.text) refers to misc.o(.text) for NVIC_Init
    can1.o(.text) refers to stm32f4xx_can.o(.text) for CAN_DeInit
    can1.o(.text) refers to can1.o(.data) for can_tx_success_flag
    can1.o(.text) refers to can1.o(.bss) for Real_Position_Value
    led.o(.text) refers to stm32f4xx_rcc.o(.text) for RCC_AHB1PeriphClockCmd
    led.o(.text) refers to stm32f4xx_gpio.o(.text) for GPIO_Init
    ps2.o(.text) refers to stm32f4xx_rcc.o(.text) for RCC_AHB1PeriphClockCmd
    ps2.o(.text) refers to stm32f4xx_gpio.o(.text) for GPIO_Init
    ps2.o(.text) refers to delay.o(.text) for delay_us
    ps2.o(.text) refers to ps2.o(.bss) for Data
    ps2.o(.text) refers to ps2.o(.data) for scan
    startup_stm32f4xx.o(RESET) refers to startup_stm32f4xx.o(STACK) for __initial_sp
    startup_stm32f4xx.o(RESET) refers to startup_stm32f4xx.o(.text) for Reset_Handler
    startup_stm32f4xx.o(RESET) refers to stm32f4xx_it.o(.text) for NMI_Handler
    startup_stm32f4xx.o(RESET) refers to can1.o(.text) for CAN1_TX_IRQHandler
    startup_stm32f4xx.o(.text) refers to system_stm32f4xx.o(.text) for SystemInit
    startup_stm32f4xx.o(.text) refers to entry.o(.ARM.Collect$$$$00000000) for __main
    stm32f4xx_can.o(.text) refers to stm32f4xx_rcc.o(.text) for RCC_APB1PeriphResetCmd
    stm32f4xx_gpio.o(.text) refers to stm32f4xx_rcc.o(.text) for RCC_AHB1PeriphResetCmd
    system_stm32f4xx.o(.text) refers to system_stm32f4xx.o(.data) for SystemCoreClock
    stm32f4xx_rcc.o(.text) refers to stm32f4xx_rcc.o(.data) for APBAHBPrescTable
    entry.o(.ARM.Collect$$$$00000000) refers (Special) to entry10a.o(.ARM.Collect$$$$0000000D) for __rt_final_cpp
    entry.o(.ARM.Collect$$$$00000000) refers (Special) to entry11a.o(.ARM.Collect$$$$0000000F) for __rt_final_exit
    entry.o(.ARM.Collect$$$$00000000) refers (Special) to entry7b.o(.ARM.Collect$$$$00000008) for _main_clock
    entry.o(.ARM.Collect$$$$00000000) refers (Special) to entry8b.o(.ARM.Collect$$$$0000000A) for _main_cpp_init
    entry.o(.ARM.Collect$$$$00000000) refers (Special) to entry9a.o(.ARM.Collect$$$$0000000B) for _main_init
    entry.o(.ARM.Collect$$$$00000000) refers (Special) to entry5.o(.ARM.Collect$$$$00000004) for _main_scatterload
    entry.o(.ARM.Collect$$$$00000000) refers (Special) to entry2.o(.ARM.Collect$$$$00000001) for _main_stk
    entry2.o(.ARM.Collect$$$$00000001) refers to entry2.o(.ARM.Collect$$$$00002712) for __lit__00000000
    entry2.o(.ARM.Collect$$$$00002712) refers to startup_stm32f4xx.o(STACK) for __initial_sp
    entry2.o(__vectab_stack_and_reset_area) refers to startup_stm32f4xx.o(STACK) for __initial_sp
    entry2.o(__vectab_stack_and_reset_area) refers to entry.o(.ARM.Collect$$$$00000000) for __main
    entry5.o(.ARM.Collect$$$$00000004) refers to init.o(.text) for __scatterload
    entry9a.o(.ARM.Collect$$$$0000000B) refers to main.o(.text) for main
    entry9b.o(.ARM.Collect$$$$0000000C) refers to main.o(.text) for main
    init.o(.text) refers to entry5.o(.ARM.Collect$$$$00000004) for __main_after_scatterload


==============================================================================

Removing Unused input sections from the image.

    Removing main.o(.rev16_text), (4 bytes).
    Removing main.o(.revsh_text), (4 bytes).
    Removing stm32f4xx_it.o(.rev16_text), (4 bytes).
    Removing stm32f4xx_it.o(.revsh_text), (4 bytes).
    Removing delay.o(.rev16_text), (4 bytes).
    Removing delay.o(.revsh_text), (4 bytes).
    Removing can1.o(.rev16_text), (4 bytes).
    Removing can1.o(.revsh_text), (4 bytes).
    Removing led.o(.rev16_text), (4 bytes).
    Removing led.o(.revsh_text), (4 bytes).
    Removing ps2.o(.rev16_text), (4 bytes).
    Removing ps2.o(.revsh_text), (4 bytes).
    Removing sys.o(.rev16_text), (4 bytes).
    Removing sys.o(.revsh_text), (4 bytes).
    Removing sys.o(.emb_text), (16 bytes).
    Removing startup_stm32f4xx.o(HEAP), (512 bytes).
    Removing misc.o(.rev16_text), (4 bytes).
    Removing misc.o(.revsh_text), (4 bytes).
    Removing stm32f4xx_can.o(.rev16_text), (4 bytes).
    Removing stm32f4xx_can.o(.revsh_text), (4 bytes).
    Removing stm32f4xx_gpio.o(.rev16_text), (4 bytes).
    Removing stm32f4xx_gpio.o(.revsh_text), (4 bytes).
    Removing system_stm32f4xx.o(.rev16_text), (4 bytes).
    Removing system_stm32f4xx.o(.revsh_text), (4 bytes).
    Removing stm32f4xx_rcc.o(.rev16_text), (4 bytes).
    Removing stm32f4xx_rcc.o(.revsh_text), (4 bytes).

26 unused section(s) (total 624 bytes) removed from the image.

==============================================================================

Image Symbol Table

    Local Symbols

    Symbol Name                              Value     Ov Type        Size  Object(Section)

    ../clib/microlib/init/entry.s            0x00000000   Number         0  entry8b.o ABSOLUTE
    ../clib/microlib/init/entry.s            0x00000000   Number         0  entry9a.o ABSOLUTE
    ../clib/microlib/init/entry.s            0x00000000   Number         0  entry5.o ABSOLUTE
    ../clib/microlib/init/entry.s            0x00000000   Number         0  entry9b.o ABSOLUTE
    ../clib/microlib/init/entry.s            0x00000000   Number         0  entry.o ABSOLUTE
    ../clib/microlib/init/entry.s            0x00000000   Number         0  entry2.o ABSOLUTE
    ../clib/microlib/init/entry.s            0x00000000   Number         0  entry8a.o ABSOLUTE
    ../clib/microlib/init/entry.s            0x00000000   Number         0  entry11b.o ABSOLUTE
    ../clib/microlib/init/entry.s            0x00000000   Number         0  entry11a.o ABSOLUTE
    ../clib/microlib/init/entry.s            0x00000000   Number         0  entry7b.o ABSOLUTE
    ../clib/microlib/init/entry.s            0x00000000   Number         0  entry7a.o ABSOLUTE
    ../clib/microlib/init/entry.s            0x00000000   Number         0  entry10b.o ABSOLUTE
    ../clib/microlib/init/entry.s            0x00000000   Number         0  entry10a.o ABSOLUTE
    ..\Libraries\misc.c                      0x00000000   Number         0  misc.o ABSOLUTE
    ..\Libraries\startup_stm32f4xx.s         0x00000000   Number         0  startup_stm32f4xx.o ABSOLUTE
    ..\Libraries\stm32f4xx_can.c             0x00000000   Number         0  stm32f4xx_can.o ABSOLUTE
    ..\Libraries\stm32f4xx_gpio.c            0x00000000   Number         0  stm32f4xx_gpio.o ABSOLUTE
    ..\Libraries\stm32f4xx_rcc.c             0x00000000   Number         0  stm32f4xx_rcc.o ABSOLUTE
    ..\Libraries\system_stm32f4xx.c          0x00000000   Number         0  system_stm32f4xx.o ABSOLUTE
    ..\Mylib\can1.c                          0x00000000   Number         0  can1.o ABSOLUTE
    ..\Mylib\delay.c                         0x00000000   Number         0  delay.o ABSOLUTE
    ..\Mylib\led.c                           0x00000000   Number         0  led.o ABSOLUTE
    ..\Mylib\ps2.c                           0x00000000   Number         0  ps2.o ABSOLUTE
    ..\Mylib\sys.c                           0x00000000   Number         0  sys.o ABSOLUTE
    ..\User\main.c                           0x00000000   Number         0  main.o ABSOLUTE
    ..\User\stm32f4xx_it.c                   0x00000000   Number         0  stm32f4xx_it.o ABSOLUTE
    ..\\Libraries\\misc.c                    0x00000000   Number         0  misc.o ABSOLUTE
    ..\\Libraries\\stm32f4xx_can.c           0x00000000   Number         0  stm32f4xx_can.o ABSOLUTE
    ..\\Libraries\\stm32f4xx_gpio.c          0x00000000   Number         0  stm32f4xx_gpio.o ABSOLUTE
    ..\\Libraries\\stm32f4xx_rcc.c           0x00000000   Number         0  stm32f4xx_rcc.o ABSOLUTE
    ..\\Libraries\\system_stm32f4xx.c        0x00000000   Number         0  system_stm32f4xx.o ABSOLUTE
    ..\\Mylib\\can1.c                        0x00000000   Number         0  can1.o ABSOLUTE
    ..\\Mylib\\delay.c                       0x00000000   Number         0  delay.o ABSOLUTE
    ..\\Mylib\\led.c                         0x00000000   Number         0  led.o ABSOLUTE
    ..\\Mylib\\ps2.c                         0x00000000   Number         0  ps2.o ABSOLUTE
    ..\\Mylib\\sys.c                         0x00000000   Number         0  sys.o ABSOLUTE
    ..\\User\\main.c                         0x00000000   Number         0  main.o ABSOLUTE
    ..\\User\\stm32f4xx_it.c                 0x00000000   Number         0  stm32f4xx_it.o ABSOLUTE
    dc.s                                     0x00000000   Number         0  dc.o ABSOLUTE
    handlers.s                               0x00000000   Number         0  handlers.o ABSOLUTE
    init.s                                   0x00000000   Number         0  init.o ABSOLUTE
    RESET                                    0x08000000   Section      392  startup_stm32f4xx.o(RESET)
    .ARM.Collect$$$$00000000                 0x08000188   Section        0  entry.o(.ARM.Collect$$$$00000000)
    .ARM.Collect$$$$00000001                 0x08000188   Section        4  entry2.o(.ARM.Collect$$$$00000001)
    .ARM.Collect$$$$00000004                 0x0800018c   Section        4  entry5.o(.ARM.Collect$$$$00000004)
    .ARM.Collect$$$$00000008                 0x08000190   Section        0  entry7b.o(.ARM.Collect$$$$00000008)
    .ARM.Collect$$$$0000000A                 0x08000190   Section        0  entry8b.o(.ARM.Collect$$$$0000000A)
    .ARM.Collect$$$$0000000B                 0x08000190   Section        8  entry9a.o(.ARM.Collect$$$$0000000B)
    .ARM.Collect$$$$0000000D                 0x08000198   Section        0  entry10a.o(.ARM.Collect$$$$0000000D)
    .ARM.Collect$$$$0000000F                 0x08000198   Section        0  entry11a.o(.ARM.Collect$$$$0000000F)
    .ARM.Collect$$$$00002712                 0x08000198   Section        4  entry2.o(.ARM.Collect$$$$00002712)
    __lit__00000000                          0x08000198   Data           4  entry2.o(.ARM.Collect$$$$00002712)
    .text                                    0x0800019c   Section        0  main.o(.text)
    .text                                    0x08000a50   Section        0  stm32f4xx_it.o(.text)
    .text                                    0x08000a68   Section        0  delay.o(.text)
    .text                                    0x08000aa0   Section        0  can1.o(.text)
    CAN_Delay_Us                             0x08000aa1   Thumb Code    26  can1.o(.text)
    .text                                    0x08001688   Section        0  led.o(.text)
    .text                                    0x080016d0   Section        0  ps2.o(.text)
    .text                                    0x08001840   Section       36  startup_stm32f4xx.o(.text)
    $v0                                      0x08001840   Number         0  startup_stm32f4xx.o(.text)
    .text                                    0x08001864   Section        0  misc.o(.text)
    .text                                    0x08001944   Section        0  stm32f4xx_can.o(.text)
    CheckITStatus                            0x08002147   Thumb Code    18  stm32f4xx_can.o(.text)
    .text                                    0x08002334   Section        0  stm32f4xx_gpio.o(.text)
    .text                                    0x08002590   Section        0  system_stm32f4xx.o(.text)
    SetSysClock                              0x08002591   Thumb Code   220  system_stm32f4xx.o(.text)
    .text                                    0x0800279c   Section        0  stm32f4xx_rcc.o(.text)
    .text                                    0x08002d20   Section       36  init.o(.text)
    i.__scatterload_copy                     0x08002d44   Section       14  handlers.o(i.__scatterload_copy)
    i.__scatterload_null                     0x08002d52   Section        2  handlers.o(i.__scatterload_null)
    i.__scatterload_zeroinit                 0x08002d54   Section       14  handlers.o(i.__scatterload_zeroinit)
    .data                                    0x20000000   Section        2  main.o(.data)
    .data                                    0x20000004   Section       34  can1.o(.data)
    .data                                    0x20000026   Section       46  ps2.o(.data)
    .data                                    0x20000054   Section       20  system_stm32f4xx.o(.data)
    .data                                    0x20000068   Section       16  stm32f4xx_rcc.o(.data)
    APBAHBPrescTable                         0x20000068   Data          16  stm32f4xx_rcc.o(.data)
    .bss                                     0x20000078   Section       16  can1.o(.bss)
    .bss                                     0x20000088   Section        9  ps2.o(.bss)
    STACK                                    0x20000098   Section     1024  startup_stm32f4xx.o(STACK)

    Global Symbols

    Symbol Name                              Value     Ov Type        Size  Object(Section)

    BuildAttributes$$THM_ISAv4$E$P$D$K$B$S$7EM$VFPi3$EXTD16$VFPS$VFMA$PE$A:L22UL41UL21$X:L11$S22US41US21$IEEE1$IW$USESV6$~STKCKD$USESV7$~SHL$OSPACE$EBA8$MICROLIB$REQ8$PRES8$EABIv2 0x00000000   Number         0  anon$$obj.o ABSOLUTE
    __ARM_use_no_argv                        0x00000000   Number         0  main.o ABSOLUTE
    __cpp_initialize__aeabi_                  - Undefined Weak Reference
    __cxa_finalize                            - Undefined Weak Reference
    __decompress                              - Undefined Weak Reference
    _clock_init                               - Undefined Weak Reference
    _microlib_exit                            - Undefined Weak Reference
    __Vectors_Size                           0x00000188   Number         0  startup_stm32f4xx.o ABSOLUTE
    __Vectors                                0x08000000   Data           4  startup_stm32f4xx.o(RESET)
    __Vectors_End                            0x08000188   Data           0  startup_stm32f4xx.o(RESET)
    __main                                   0x08000189   Thumb Code     0  entry.o(.ARM.Collect$$$$00000000)
    _main_stk                                0x08000189   Thumb Code     0  entry2.o(.ARM.Collect$$$$00000001)
    _main_scatterload                        0x0800018d   Thumb Code     0  entry5.o(.ARM.Collect$$$$00000004)
    __main_after_scatterload                 0x08000191   Thumb Code     0  entry5.o(.ARM.Collect$$$$00000004)
    _main_clock                              0x08000191   Thumb Code     0  entry7b.o(.ARM.Collect$$$$00000008)
    _main_cpp_init                           0x08000191   Thumb Code     0  entry8b.o(.ARM.Collect$$$$0000000A)
    _main_init                               0x08000191   Thumb Code     0  entry9a.o(.ARM.Collect$$$$0000000B)
    __rt_final_cpp                           0x08000199   Thumb Code     0  entry10a.o(.ARM.Collect$$$$0000000D)
    __rt_final_exit                          0x08000199   Thumb Code     0  entry11a.o(.ARM.Collect$$$$0000000F)
    main                                     0x0800019d   Thumb Code  2220  main.o(.text)
    NMI_Handler                              0x08000a51   Thumb Code     2  stm32f4xx_it.o(.text)
    HardFault_Handler                        0x08000a53   Thumb Code     4  stm32f4xx_it.o(.text)
    MemManage_Handler                        0x08000a57   Thumb Code     4  stm32f4xx_it.o(.text)
    BusFault_Handler                         0x08000a5b   Thumb Code     4  stm32f4xx_it.o(.text)
    UsageFault_Handler                       0x08000a5f   Thumb Code     4  stm32f4xx_it.o(.text)
    SVC_Handler                              0x08000a63   Thumb Code     2  stm32f4xx_it.o(.text)
    DebugMon_Handler                         0x08000a65   Thumb Code     2  stm32f4xx_it.o(.text)
    PendSV_Handler                           0x08000a67   Thumb Code     2  stm32f4xx_it.o(.text)
    delay_ms                                 0x08000a69   Thumb Code    28  delay.o(.text)
    delay_us                                 0x08000a85   Thumb Code    26  delay.o(.text)
    CAN1_Configuration                       0x08000abb   Thumb Code   260  can1.o(.text)
    CAN1_TX_IRQHandler                       0x08000bbf   Thumb Code    28  can1.o(.text)
    CAN_RoboModule_DRV_Reset                 0x08000bdb   Thumb Code   148  can1.o(.text)
    CAN_RoboModule_DRV_Mode_Choice           0x08000c6f   Thumb Code   148  can1.o(.text)
    CAN_RoboModule_DRV_OpenLoop_Mode         0x08000d03   Thumb Code   172  can1.o(.text)
    CAN_RoboModule_DRV_Current_Mode          0x08000daf   Thumb Code   196  can1.o(.text)
    CAN_RoboModule_DRV_Velocity_Mode         0x08000e73   Thumb Code   216  can1.o(.text)
    CAN_RoboModule_DRV_Position_Mode         0x08000f4b   Thumb Code   200  can1.o(.text)
    CAN_RoboModule_DRV_Velocity_Position_Mode 0x08001013   Thumb Code   224  can1.o(.text)
    CAN_RoboModule_DRV_Current_Velocity_Mode 0x080010f3   Thumb Code   176  can1.o(.text)
    CAN_RoboModule_DRV_Current_Position_Mode 0x080011a3   Thumb Code   180  can1.o(.text)
    CAN_RoboModule_DRV_Current_Velocity_Position_Mode 0x08001257   Thumb Code   220  can1.o(.text)
    CAN_RoboModule_DRV_Config                0x08001333   Thumb Code   154  can1.o(.text)
    CAN_RoboModule_DRV_Online_Check          0x080013cd   Thumb Code   148  can1.o(.text)
    CAN1_RX0_IRQHandler                      0x08001461   Thumb Code   516  can1.o(.text)
    LED_GPIO_Config                          0x08001689   Thumb Code    68  led.o(.text)
    PS2_Init                                 0x080016d1   Thumb Code    88  ps2.o(.text)
    PS2_ReadData                             0x08001729   Thumb Code   112  ps2.o(.text)
    PS2_ClearData                            0x08001799   Thumb Code    20  ps2.o(.text)
    PS2_DataKey                              0x080017ad   Thumb Code   110  ps2.o(.text)
    PS2_AnologData                           0x0800181b   Thumb Code     8  ps2.o(.text)
    Reset_Handler                            0x08001841   Thumb Code     8  startup_stm32f4xx.o(.text)
    SysTick_Handler                          0x08001859   Thumb Code     2  startup_stm32f4xx.o(.text)
    ADC_IRQHandler                           0x0800185b   Thumb Code     0  startup_stm32f4xx.o(.text)
    CAN1_RX1_IRQHandler                      0x0800185b   Thumb Code     0  startup_stm32f4xx.o(.text)
    CAN1_SCE_IRQHandler                      0x0800185b   Thumb Code     0  startup_stm32f4xx.o(.text)
    CAN2_RX0_IRQHandler                      0x0800185b   Thumb Code     0  startup_stm32f4xx.o(.text)
    CAN2_RX1_IRQHandler                      0x0800185b   Thumb Code     0  startup_stm32f4xx.o(.text)
    CAN2_SCE_IRQHandler                      0x0800185b   Thumb Code     0  startup_stm32f4xx.o(.text)
    CAN2_TX_IRQHandler                       0x0800185b   Thumb Code     0  startup_stm32f4xx.o(.text)
    CRYP_IRQHandler                          0x0800185b   Thumb Code     0  startup_stm32f4xx.o(.text)
    DCMI_IRQHandler                          0x0800185b   Thumb Code     0  startup_stm32f4xx.o(.text)
    DMA1_Stream0_IRQHandler                  0x0800185b   Thumb Code     0  startup_stm32f4xx.o(.text)
    DMA1_Stream1_IRQHandler                  0x0800185b   Thumb Code     0  startup_stm32f4xx.o(.text)
    DMA1_Stream2_IRQHandler                  0x0800185b   Thumb Code     0  startup_stm32f4xx.o(.text)
    DMA1_Stream3_IRQHandler                  0x0800185b   Thumb Code     0  startup_stm32f4xx.o(.text)
    DMA1_Stream4_IRQHandler                  0x0800185b   Thumb Code     0  startup_stm32f4xx.o(.text)
    DMA1_Stream5_IRQHandler                  0x0800185b   Thumb Code     0  startup_stm32f4xx.o(.text)
    DMA1_Stream6_IRQHandler                  0x0800185b   Thumb Code     0  startup_stm32f4xx.o(.text)
    DMA1_Stream7_IRQHandler                  0x0800185b   Thumb Code     0  startup_stm32f4xx.o(.text)
    DMA2_Stream0_IRQHandler                  0x0800185b   Thumb Code     0  startup_stm32f4xx.o(.text)
    DMA2_Stream1_IRQHandler                  0x0800185b   Thumb Code     0  startup_stm32f4xx.o(.text)
    DMA2_Stream2_IRQHandler                  0x0800185b   Thumb Code     0  startup_stm32f4xx.o(.text)
    DMA2_Stream3_IRQHandler                  0x0800185b   Thumb Code     0  startup_stm32f4xx.o(.text)
    DMA2_Stream4_IRQHandler                  0x0800185b   Thumb Code     0  startup_stm32f4xx.o(.text)
    DMA2_Stream5_IRQHandler                  0x0800185b   Thumb Code     0  startup_stm32f4xx.o(.text)
    DMA2_Stream6_IRQHandler                  0x0800185b   Thumb Code     0  startup_stm32f4xx.o(.text)
    DMA2_Stream7_IRQHandler                  0x0800185b   Thumb Code     0  startup_stm32f4xx.o(.text)
    ETH_IRQHandler                           0x0800185b   Thumb Code     0  startup_stm32f4xx.o(.text)
    ETH_WKUP_IRQHandler                      0x0800185b   Thumb Code     0  startup_stm32f4xx.o(.text)
    EXTI0_IRQHandler                         0x0800185b   Thumb Code     0  startup_stm32f4xx.o(.text)
    EXTI15_10_IRQHandler                     0x0800185b   Thumb Code     0  startup_stm32f4xx.o(.text)
    EXTI1_IRQHandler                         0x0800185b   Thumb Code     0  startup_stm32f4xx.o(.text)
    EXTI2_IRQHandler                         0x0800185b   Thumb Code     0  startup_stm32f4xx.o(.text)
    EXTI3_IRQHandler                         0x0800185b   Thumb Code     0  startup_stm32f4xx.o(.text)
    EXTI4_IRQHandler                         0x0800185b   Thumb Code     0  startup_stm32f4xx.o(.text)
    EXTI9_5_IRQHandler                       0x0800185b   Thumb Code     0  startup_stm32f4xx.o(.text)
    FLASH_IRQHandler                         0x0800185b   Thumb Code     0  startup_stm32f4xx.o(.text)
    FPU_IRQHandler                           0x0800185b   Thumb Code     0  startup_stm32f4xx.o(.text)
    FSMC_IRQHandler                          0x0800185b   Thumb Code     0  startup_stm32f4xx.o(.text)
    HASH_RNG_IRQHandler                      0x0800185b   Thumb Code     0  startup_stm32f4xx.o(.text)
    I2C1_ER_IRQHandler                       0x0800185b   Thumb Code     0  startup_stm32f4xx.o(.text)
    I2C1_EV_IRQHandler                       0x0800185b   Thumb Code     0  startup_stm32f4xx.o(.text)
    I2C2_ER_IRQHandler                       0x0800185b   Thumb Code     0  startup_stm32f4xx.o(.text)
    I2C2_EV_IRQHandler                       0x0800185b   Thumb Code     0  startup_stm32f4xx.o(.text)
    I2C3_ER_IRQHandler                       0x0800185b   Thumb Code     0  startup_stm32f4xx.o(.text)
    I2C3_EV_IRQHandler                       0x0800185b   Thumb Code     0  startup_stm32f4xx.o(.text)
    OTG_FS_IRQHandler                        0x0800185b   Thumb Code     0  startup_stm32f4xx.o(.text)
    OTG_FS_WKUP_IRQHandler                   0x0800185b   Thumb Code     0  startup_stm32f4xx.o(.text)
    OTG_HS_EP1_IN_IRQHandler                 0x0800185b   Thumb Code     0  startup_stm32f4xx.o(.text)
    OTG_HS_EP1_OUT_IRQHandler                0x0800185b   Thumb Code     0  startup_stm32f4xx.o(.text)
    OTG_HS_IRQHandler                        0x0800185b   Thumb Code     0  startup_stm32f4xx.o(.text)
    OTG_HS_WKUP_IRQHandler                   0x0800185b   Thumb Code     0  startup_stm32f4xx.o(.text)
    PVD_IRQHandler                           0x0800185b   Thumb Code     0  startup_stm32f4xx.o(.text)
    RCC_IRQHandler                           0x0800185b   Thumb Code     0  startup_stm32f4xx.o(.text)
    RTC_Alarm_IRQHandler                     0x0800185b   Thumb Code     0  startup_stm32f4xx.o(.text)
    RTC_WKUP_IRQHandler                      0x0800185b   Thumb Code     0  startup_stm32f4xx.o(.text)
    SDIO_IRQHandler                          0x0800185b   Thumb Code     0  startup_stm32f4xx.o(.text)
    SPI1_IRQHandler                          0x0800185b   Thumb Code     0  startup_stm32f4xx.o(.text)
    SPI2_IRQHandler                          0x0800185b   Thumb Code     0  startup_stm32f4xx.o(.text)
    SPI3_IRQHandler                          0x0800185b   Thumb Code     0  startup_stm32f4xx.o(.text)
    TAMP_STAMP_IRQHandler                    0x0800185b   Thumb Code     0  startup_stm32f4xx.o(.text)
    TIM1_BRK_TIM9_IRQHandler                 0x0800185b   Thumb Code     0  startup_stm32f4xx.o(.text)
    TIM1_CC_IRQHandler                       0x0800185b   Thumb Code     0  startup_stm32f4xx.o(.text)
    TIM1_TRG_COM_TIM11_IRQHandler            0x0800185b   Thumb Code     0  startup_stm32f4xx.o(.text)
    TIM1_UP_TIM10_IRQHandler                 0x0800185b   Thumb Code     0  startup_stm32f4xx.o(.text)
    TIM2_IRQHandler                          0x0800185b   Thumb Code     0  startup_stm32f4xx.o(.text)
    TIM3_IRQHandler                          0x0800185b   Thumb Code     0  startup_stm32f4xx.o(.text)
    TIM4_IRQHandler                          0x0800185b   Thumb Code     0  startup_stm32f4xx.o(.text)
    TIM5_IRQHandler                          0x0800185b   Thumb Code     0  startup_stm32f4xx.o(.text)
    TIM6_DAC_IRQHandler                      0x0800185b   Thumb Code     0  startup_stm32f4xx.o(.text)
    TIM7_IRQHandler                          0x0800185b   Thumb Code     0  startup_stm32f4xx.o(.text)
    TIM8_BRK_TIM12_IRQHandler                0x0800185b   Thumb Code     0  startup_stm32f4xx.o(.text)
    TIM8_CC_IRQHandler                       0x0800185b   Thumb Code     0  startup_stm32f4xx.o(.text)
    TIM8_TRG_COM_TIM14_IRQHandler            0x0800185b   Thumb Code     0  startup_stm32f4xx.o(.text)
    TIM8_UP_TIM13_IRQHandler                 0x0800185b   Thumb Code     0  startup_stm32f4xx.o(.text)
    UART4_IRQHandler                         0x0800185b   Thumb Code     0  startup_stm32f4xx.o(.text)
    UART5_IRQHandler                         0x0800185b   Thumb Code     0  startup_stm32f4xx.o(.text)
    USART1_IRQHandler                        0x0800185b   Thumb Code     0  startup_stm32f4xx.o(.text)
    USART2_IRQHandler                        0x0800185b   Thumb Code     0  startup_stm32f4xx.o(.text)
    USART3_IRQHandler                        0x0800185b   Thumb Code     0  startup_stm32f4xx.o(.text)
    USART6_IRQHandler                        0x0800185b   Thumb Code     0  startup_stm32f4xx.o(.text)
    WWDG_IRQHandler                          0x0800185b   Thumb Code     0  startup_stm32f4xx.o(.text)
    NVIC_PriorityGroupConfig                 0x08001865   Thumb Code    10  misc.o(.text)
    NVIC_Init                                0x0800186f   Thumb Code   106  misc.o(.text)
    NVIC_SetVectorTable                      0x080018d9   Thumb Code    14  misc.o(.text)
    NVIC_SystemLPConfig                      0x080018e7   Thumb Code    34  misc.o(.text)
    SysTick_CLKSourceConfig                  0x08001909   Thumb Code    40  misc.o(.text)
    CAN_DeInit                               0x08001945   Thumb Code    50  stm32f4xx_can.o(.text)
    CAN_Init                                 0x08001977   Thumb Code   276  stm32f4xx_can.o(.text)
    CAN_FilterInit                           0x08001a8b   Thumb Code   258  stm32f4xx_can.o(.text)
    CAN_StructInit                           0x08001b8d   Thumb Code    32  stm32f4xx_can.o(.text)
    CAN_SlaveStartBank                       0x08001bad   Thumb Code    48  stm32f4xx_can.o(.text)
    CAN_DBGFreeze                            0x08001bdd   Thumb Code    22  stm32f4xx_can.o(.text)
    CAN_TTComModeCmd                         0x08001bf3   Thumb Code   118  stm32f4xx_can.o(.text)
    CAN_Transmit                             0x08001c69   Thumb Code   304  stm32f4xx_can.o(.text)
    CAN_TransmitStatus                       0x08001d99   Thumb Code   138  stm32f4xx_can.o(.text)
    CAN_CancelTransmit                       0x08001e23   Thumb Code    48  stm32f4xx_can.o(.text)
    CAN_Receive                              0x08001e53   Thumb Code   240  stm32f4xx_can.o(.text)
    CAN_FIFORelease                          0x08001f43   Thumb Code    22  stm32f4xx_can.o(.text)
    CAN_MessagePending                       0x08001f59   Thumb Code    30  stm32f4xx_can.o(.text)
    CAN_OperatingModeRequest                 0x08001f77   Thumb Code   162  stm32f4xx_can.o(.text)
    CAN_Sleep                                0x08002019   Thumb Code    30  stm32f4xx_can.o(.text)
    CAN_WakeUp                               0x08002037   Thumb Code    48  stm32f4xx_can.o(.text)
    CAN_GetLastErrorCode                     0x08002067   Thumb Code    12  stm32f4xx_can.o(.text)
    CAN_GetReceiveErrorCounter               0x08002073   Thumb Code    10  stm32f4xx_can.o(.text)
    CAN_GetLSBTransmitErrorCounter           0x0800207d   Thumb Code    12  stm32f4xx_can.o(.text)
    CAN_ITConfig                             0x08002089   Thumb Code    18  stm32f4xx_can.o(.text)
    CAN_GetFlagStatus                        0x0800209b   Thumb Code   120  stm32f4xx_can.o(.text)
    CAN_ClearFlag                            0x08002113   Thumb Code    52  stm32f4xx_can.o(.text)
    CAN_GetITStatus                          0x08002159   Thumb Code   310  stm32f4xx_can.o(.text)
    CAN_ClearITPendingBit                    0x0800228f   Thumb Code   162  stm32f4xx_can.o(.text)
    GPIO_DeInit                              0x08002335   Thumb Code   220  stm32f4xx_gpio.o(.text)
    GPIO_Init                                0x08002411   Thumb Code   144  stm32f4xx_gpio.o(.text)
    GPIO_StructInit                          0x080024a1   Thumb Code    18  stm32f4xx_gpio.o(.text)
    GPIO_PinLockConfig                       0x080024b3   Thumb Code    34  stm32f4xx_gpio.o(.text)
    GPIO_ReadInputDataBit                    0x080024d5   Thumb Code    18  stm32f4xx_gpio.o(.text)
    GPIO_ReadInputData                       0x080024e7   Thumb Code     8  stm32f4xx_gpio.o(.text)
    GPIO_ReadOutputDataBit                   0x080024ef   Thumb Code    18  stm32f4xx_gpio.o(.text)
    GPIO_ReadOutputData                      0x08002501   Thumb Code     8  stm32f4xx_gpio.o(.text)
    GPIO_SetBits                             0x08002509   Thumb Code     4  stm32f4xx_gpio.o(.text)
    GPIO_ResetBits                           0x0800250d   Thumb Code     4  stm32f4xx_gpio.o(.text)
    GPIO_WriteBit                            0x08002511   Thumb Code    10  stm32f4xx_gpio.o(.text)
    GPIO_Write                               0x0800251b   Thumb Code     4  stm32f4xx_gpio.o(.text)
    GPIO_ToggleBits                          0x0800251f   Thumb Code     8  stm32f4xx_gpio.o(.text)
    GPIO_PinAFConfig                         0x08002527   Thumb Code    70  stm32f4xx_gpio.o(.text)
    SystemInit                               0x0800266d   Thumb Code    88  system_stm32f4xx.o(.text)
    SystemCoreClockUpdate                    0x080026c5   Thumb Code   174  system_stm32f4xx.o(.text)
    RCC_DeInit                               0x0800279d   Thumb Code    60  stm32f4xx_rcc.o(.text)
    RCC_HSEConfig                            0x080027d9   Thumb Code    14  stm32f4xx_rcc.o(.text)
    RCC_GetFlagStatus                        0x080027e7   Thumb Code    60  stm32f4xx_rcc.o(.text)
    RCC_WaitForHSEStartUp                    0x08002823   Thumb Code    56  stm32f4xx_rcc.o(.text)
    RCC_AdjustHSICalibrationValue            0x0800285b   Thumb Code    20  stm32f4xx_rcc.o(.text)
    RCC_HSICmd                               0x0800286f   Thumb Code     6  stm32f4xx_rcc.o(.text)
    RCC_LSEConfig                            0x08002875   Thumb Code    46  stm32f4xx_rcc.o(.text)
    RCC_LSICmd                               0x080028a3   Thumb Code     6  stm32f4xx_rcc.o(.text)
    RCC_PLLConfig                            0x080028a9   Thumb Code    32  stm32f4xx_rcc.o(.text)
    RCC_PLLCmd                               0x080028c9   Thumb Code     6  stm32f4xx_rcc.o(.text)
    RCC_PLLI2SConfig                         0x080028cf   Thumb Code    14  stm32f4xx_rcc.o(.text)
    RCC_PLLI2SCmd                            0x080028dd   Thumb Code     6  stm32f4xx_rcc.o(.text)
    RCC_ClockSecuritySystemCmd               0x080028e3   Thumb Code     6  stm32f4xx_rcc.o(.text)
    RCC_MCO1Config                           0x080028e9   Thumb Code    28  stm32f4xx_rcc.o(.text)
    RCC_MCO2Config                           0x08002905   Thumb Code    28  stm32f4xx_rcc.o(.text)
    RCC_SYSCLKConfig                         0x08002921   Thumb Code    20  stm32f4xx_rcc.o(.text)
    RCC_GetSYSCLKSource                      0x08002935   Thumb Code    12  stm32f4xx_rcc.o(.text)
    RCC_HCLKConfig                           0x08002941   Thumb Code    20  stm32f4xx_rcc.o(.text)
    RCC_PCLK1Config                          0x08002955   Thumb Code    20  stm32f4xx_rcc.o(.text)
    RCC_PCLK2Config                          0x08002969   Thumb Code    22  stm32f4xx_rcc.o(.text)
    RCC_GetClocksFreq                        0x0800297f   Thumb Code   222  stm32f4xx_rcc.o(.text)
    RCC_RTCCLKConfig                         0x08002a5d   Thumb Code    54  stm32f4xx_rcc.o(.text)
    RCC_RTCCLKCmd                            0x08002a93   Thumb Code     8  stm32f4xx_rcc.o(.text)
    RCC_BackupResetCmd                       0x08002a9b   Thumb Code     8  stm32f4xx_rcc.o(.text)
    RCC_I2SCLKConfig                         0x08002aa3   Thumb Code     6  stm32f4xx_rcc.o(.text)
    RCC_AHB1PeriphClockCmd                   0x08002aa9   Thumb Code    34  stm32f4xx_rcc.o(.text)
    RCC_AHB2PeriphClockCmd                   0x08002acb   Thumb Code    34  stm32f4xx_rcc.o(.text)
    RCC_AHB3PeriphClockCmd                   0x08002aed   Thumb Code    34  stm32f4xx_rcc.o(.text)
    RCC_APB1PeriphClockCmd                   0x08002b0f   Thumb Code    34  stm32f4xx_rcc.o(.text)
    RCC_APB2PeriphClockCmd                   0x08002b31   Thumb Code    34  stm32f4xx_rcc.o(.text)
    RCC_AHB1PeriphResetCmd                   0x08002b53   Thumb Code    34  stm32f4xx_rcc.o(.text)
    RCC_AHB2PeriphResetCmd                   0x08002b75   Thumb Code    68  stm32f4xx_rcc.o(.text)
    RCC_AHB3PeriphResetCmd                   0x08002bb9   Thumb Code    34  stm32f4xx_rcc.o(.text)
    RCC_APB1PeriphResetCmd                   0x08002bdb   Thumb Code    34  stm32f4xx_rcc.o(.text)
    RCC_APB2PeriphResetCmd                   0x08002bfd   Thumb Code    34  stm32f4xx_rcc.o(.text)
    RCC_AHB1PeriphClockLPModeCmd             0x08002c1f   Thumb Code    34  stm32f4xx_rcc.o(.text)
    RCC_AHB2PeriphClockLPModeCmd             0x08002c41   Thumb Code    34  stm32f4xx_rcc.o(.text)
    RCC_AHB3PeriphClockLPModeCmd             0x08002c63   Thumb Code    34  stm32f4xx_rcc.o(.text)
    RCC_APB1PeriphClockLPModeCmd             0x08002c85   Thumb Code    34  stm32f4xx_rcc.o(.text)
    RCC_APB2PeriphClockLPModeCmd             0x08002ca7   Thumb Code    34  stm32f4xx_rcc.o(.text)
    RCC_ITConfig                             0x08002cc9   Thumb Code    34  stm32f4xx_rcc.o(.text)
    RCC_ClearFlag                            0x08002ceb   Thumb Code    18  stm32f4xx_rcc.o(.text)
    RCC_GetITStatus                          0x08002cfd   Thumb Code    22  stm32f4xx_rcc.o(.text)
    RCC_ClearITPendingBit                    0x08002d13   Thumb Code     8  stm32f4xx_rcc.o(.text)
    __scatterload                            0x08002d21   Thumb Code    28  init.o(.text)
    __scatterload_rt2                        0x08002d21   Thumb Code     0  init.o(.text)
    __scatterload_copy                       0x08002d45   Thumb Code    14  handlers.o(i.__scatterload_copy)
    __scatterload_null                       0x08002d53   Thumb Code     2  handlers.o(i.__scatterload_null)
    __scatterload_zeroinit                   0x08002d55   Thumb Code    14  handlers.o(i.__scatterload_zeroinit)
    Region$$Table$$Base                      0x08002d64   Number         0  anon$$obj.o(Region$$Table)
    Region$$Table$$Limit                     0x08002d84   Number         0  anon$$obj.o(Region$$Table)
    temp_pwm                                 0x20000000   Data           2  main.o(.data)
    CAN_Time_Out                             0x20000004   Data           4  can1.o(.data)
    can_tx_success_flag                      0x20000008   Data           1  can1.o(.data)
    Real_Current_Value                       0x2000000a   Data           8  can1.o(.data)
    Real_Velocity_Value                      0x20000012   Data           8  can1.o(.data)
    Real_Online                              0x2000001a   Data           4  can1.o(.data)
    Real_Ctl1_Value                          0x2000001e   Data           4  can1.o(.data)
    Real_Ctl2_Value                          0x20000022   Data           4  can1.o(.data)
    Handkey                                  0x20000026   Data           2  ps2.o(.data)
    Comd                                     0x20000028   Data           2  ps2.o(.data)
    scan                                     0x2000002a   Data           9  ps2.o(.data)
    MASK                                     0x20000034   Data          32  ps2.o(.data)
    SystemCoreClock                          0x20000054   Data           4  system_stm32f4xx.o(.data)
    AHBPrescTable                            0x20000058   Data          16  system_stm32f4xx.o(.data)
    Real_Position_Value                      0x20000078   Data          16  can1.o(.bss)
    Data                                     0x20000088   Data           9  ps2.o(.bss)
    __initial_sp                             0x20000498   Data           0  startup_stm32f4xx.o(STACK)



==============================================================================

Memory Map of the image

  Image Entry point : 0x08000189

  Load Region LR_IROM1 (Base: 0x08000000, Size: 0x00002dfc, Max: 0x00080000, ABSOLUTE)

    Execution Region ER_IROM1 (Base: 0x08000000, Size: 0x00002d84, Max: 0x00080000, ABSOLUTE)

    Base Addr    Size         Type   Attr      Idx    E Section Name        Object

    0x08000000   0x00000188   Data   RO          240    RESET               startup_stm32f4xx.o
    0x08000188   0x00000000   Code   RO          353  * .ARM.Collect$$$$00000000  mc_w.l(entry.o)
    0x08000188   0x00000004   Code   RO          356    .ARM.Collect$$$$00000001  mc_w.l(entry2.o)
    0x0800018c   0x00000004   Code   RO          359    .ARM.Collect$$$$00000004  mc_w.l(entry5.o)
    0x08000190   0x00000000   Code   RO          361    .ARM.Collect$$$$00000008  mc_w.l(entry7b.o)
    0x08000190   0x00000000   Code   RO          363    .ARM.Collect$$$$0000000A  mc_w.l(entry8b.o)
    0x08000190   0x00000008   Code   RO          364    .ARM.Collect$$$$0000000B  mc_w.l(entry9a.o)
    0x08000198   0x00000000   Code   RO          366    .ARM.Collect$$$$0000000D  mc_w.l(entry10a.o)
    0x08000198   0x00000000   Code   RO          368    .ARM.Collect$$$$0000000F  mc_w.l(entry11a.o)
    0x08000198   0x00000004   Code   RO          357    .ARM.Collect$$$$00002712  mc_w.l(entry2.o)
    0x0800019c   0x000008b4   Code   RO            3    .text               main.o
    0x08000a50   0x00000018   Code   RO          102    .text               stm32f4xx_it.o
    0x08000a68   0x00000036   Code   RO          125    .text               delay.o
    0x08000a9e   0x00000002   PAD
    0x08000aa0   0x00000be8   Code   RO          145    .text               can1.o
    0x08001688   0x00000048   Code   RO          172    .text               led.o
    0x080016d0   0x00000170   Code   RO          192    .text               ps2.o
    0x08001840   0x00000024   Code   RO          241    .text               startup_stm32f4xx.o
    0x08001864   0x000000e0   Code   RO          247    .text               misc.o
    0x08001944   0x000009f0   Code   RO          267    .text               stm32f4xx_can.o
    0x08002334   0x0000025c   Code   RO          287    .text               stm32f4xx_gpio.o
    0x08002590   0x0000020c   Code   RO          307    .text               system_stm32f4xx.o
    0x0800279c   0x00000584   Code   RO          333    .text               stm32f4xx_rcc.o
    0x08002d20   0x00000024   Code   RO          370    .text               mc_w.l(init.o)
    0x08002d44   0x0000000e   Code   RO          374    i.__scatterload_copy  mc_w.l(handlers.o)
    0x08002d52   0x00000002   Code   RO          375    i.__scatterload_null  mc_w.l(handlers.o)
    0x08002d54   0x0000000e   Code   RO          376    i.__scatterload_zeroinit  mc_w.l(handlers.o)
    0x08002d62   0x00000002   PAD
    0x08002d64   0x00000020   Data   RO          372    Region$$Table       anon$$obj.o


    Execution Region RW_IRAM1 (Base: 0x20000000, Size: 0x00000498, Max: 0x00020000, ABSOLUTE)

    Base Addr    Size         Type   Attr      Idx    E Section Name        Object

    0x20000000   0x00000002   Data   RW            4    .data               main.o
    0x20000002   0x00000002   PAD
    0x20000004   0x00000022   Data   RW          147    .data               can1.o
    0x20000026   0x0000002e   Data   RW          194    .data               ps2.o
    0x20000054   0x00000014   Data   RW          308    .data               system_stm32f4xx.o
    0x20000068   0x00000010   Data   RW          334    .data               stm32f4xx_rcc.o
    0x20000078   0x00000010   Zero   RW          146    .bss                can1.o
    0x20000088   0x00000009   Zero   RW          193    .bss                ps2.o
    0x20000091   0x00000007   PAD
    0x20000098   0x00000400   Zero   RW          238    STACK               startup_stm32f4xx.o


==============================================================================

Image component sizes


      Code (inc. data)   RO Data    RW Data    ZI Data      Debug   Object Name

      3048         72          0         34         16       9481   can1.o
        54          0          0          0          0        848   delay.o
        72          4          0          0          0        578   led.o
      2228         36          0          2          0     243118   main.o
       224         20          0          0          0       1925   misc.o
       368         30          0         46          9       2479   ps2.o
        36          8        392          0       1024        860   startup_stm32f4xx.o
      2544         38          0          0          0       8076   stm32f4xx_can.o
       604         36          0          0          0       4173   stm32f4xx_gpio.o
        24          0          0          0          0       1198   stm32f4xx_it.o
      1412         44          0         16          0      11111   stm32f4xx_rcc.o
       524         42          0         20          0       2011   system_stm32f4xx.o

    ----------------------------------------------------------------------
     11140        330        424        120       1056     285858   Object Totals
         0          0         32          0          0          0   (incl. Generated)
         2          0          0          2          7          0   (incl. Padding)

    ----------------------------------------------------------------------

      Code (inc. data)   RO Data    RW Data    ZI Data      Debug   Library Member Name

         0          0          0          0          0          0   entry.o
         0          0          0          0          0          0   entry10a.o
         0          0          0          0          0          0   entry11a.o
         8          4          0          0          0          0   entry2.o
         4          0          0          0          0          0   entry5.o
         0          0          0          0          0          0   entry7b.o
         0          0          0          0          0          0   entry8b.o
         8          4          0          0          0          0   entry9a.o
        30          0          0          0          0          0   handlers.o
        36          8          0          0          0         68   init.o

    ----------------------------------------------------------------------
        88         16          0          0          0         68   Library Totals
         2          0          0          0          0          0   (incl. Padding)

    ----------------------------------------------------------------------

      Code (inc. data)   RO Data    RW Data    ZI Data      Debug   Library Name

        86         16          0          0          0         68   mc_w.l

    ----------------------------------------------------------------------
        88         16          0          0          0         68   Library Totals

    ----------------------------------------------------------------------

==============================================================================


      Code (inc. data)   RO Data    RW Data    ZI Data      Debug   

     11228        346        424        120       1056     284330   Grand Totals
     11228        346        424        120       1056     284330   ELF Image Totals
     11228        346        424        120          0          0   ROM Totals

==============================================================================

    Total RO  Size (Code + RO Data)                11652 (  11.38kB)
    Total RW  Size (RW Data + ZI Data)              1176 (   1.15kB)
    Total ROM Size (Code + RO Data + RW Data)      11772 (  11.50kB)

==============================================================================

