<html>
<body>
<pre>
<h1>µVision Build Log</h1>
<h2>Project:</h2>
E:\FangCloudSync\XT\HEX\µç»úÇý¶¯Æ÷\Áù-0812-YZ\Áù\Project\project (2).uvprojx
Project File Date:  09/19/2018

<h2>Output:</h2>
Build target 'STM32F407'
compiling RC.c...
..\Libraries\CMSIS\Device\ST\STM32F4xx\Include\stm32f4xx.h(87): warning:  #47-D: incompatible redefinition of macro "STM32F40_41xxx"
    #define STM32F40_41xxx
..\MYLIB\RC.c: 1 warning, 0 errors
linking...
Program Size: Code=8648 RO-data=424 RW-data=172 ZI-data=1628  
FromELF: creating hex file...
".\Obj\project.axf" - 0 Error(s), 1 Warning(s).
</pre>
</body>
</html>
