<html>
<body>
<pre>
<h1>µVision Build Log</h1>
<h2>Project:</h2>
D:\Github_sync\X\Hex_yz\Project\project.uvproj
Project File Date:  10/02/2018

<h2>Output:</h2>
Build target 'STM32F407'
compiling main.c...
..\Libraries\CMSIS\Device\ST\STM32F4xx\Include\stm32f4xx.h(87): warning:  #47-D: incompatible redefinition of macro "STM32F40_41xxx"
    #define STM32F40_41xxx
..\User\main.c(15): warning:  #177-D: variable "i" was declared but never referenced
                int i;
..\User\main.c: 2 warnings, 0 errors
linking...
Program Size: Code=8656 RO-data=424 RW-data=172 ZI-data=1628  
FromELF: creating hex file...
".\Obj\project.axf" - 0 Error(s), 2 Warning(s).
ng main.c...
..\Libraries\CMSIS\Device\ST\STM32F4xx\Include\stm32f4xx.h(87): warning:  #47-D: incompatible redefinition of macro "STM32F40_41xxx"
    #define STM32F40_41xxx
..\User\main.c(15): warning:  #177-D: variable "i" was declared but never referenced
                int i;
..\User\main.c: 2 warnings, 0 errors
compiling NVIC.C...
..\Libraries\CMSIS\Device\ST\STM32F4xx\Include\stm32f4xx.h(87): warning:  #47-D: incompatible redefinition of macro "STM32F40_41xxx"
    #define STM32F40_41xxx
..\User\NVIC.C: 1 warning, 0 errors
compiling SCI.c...
..\Libraries\CMSIS\Device\ST\STM32F4xx\Include\stm32f4xx.h(87): warning:  #47-D: incompatible redefinition of macro "STM32F40_41xxx"
    #define STM32F40_41xxx
..\User\SCI.c: 1 warning, 0 errors
assembling startup_stm32f40_41xxx.s...
compiling stm32f4xx_crc.c...
..\Libraries\CMSIS\Device\ST\STM32F4xx\Include\stm32f4xx.h(87): warning:  #47-D: incompatible redefinition of macro "STM32F40_41xxx"
    #define STM32F40_41xxx
..\Libraries\STM32F4xx_StdPeriph_Driver\src\stm32f4xx_crc.c: 1 warning, 0 errors
compiling stm32f4xx_gpio.c...
..\Libraries\CMSIS\Device\ST\STM32F4xx\Include\stm32f4xx.h(87): warning:  #47-D: incompatible redefinition of macro "STM32F40_41xxx"
    #define STM32F40_41xxx
..\Libraries\STM32F4xx_StdPeriph_Driver\src\stm32f4xx_gpio.c: 1 warning, 0 errors
compiling stm32f4xx_rcc.c...
..\Libraries\CMSIS\Device\ST\STM32F4xx\Include\stm32f4xx.h(87): warning:  #47-D: incompatible redefinition of macro "STM32F40_41xxx"
    #define STM32F40_41xxx
..\Libraries\STM32F4xx_StdPeriph_Driver\src\stm32f4xx_rcc.c: 1 warning, 0 errors
compiling stm32f4xx_syscfg.c...
..\Libraries\CMSIS\Device\ST\STM32F4xx\Include\stm32f4xx.h(87): warning:  #47-D: incompatible redefinition of macro "STM32F40_41xxx"
    #define STM32F40_41xxx
..\Libraries\STM32F4xx_StdPeriph_Driver\src\stm32f4xx_syscfg.c: 1 warning, 0 errors
compiling misc.c...
..\Libraries\CMSIS\Device\ST\STM32F4xx\Include\stm32f4xx.h(87): warning:  #47-D: incompatible redefinition of macro "STM32F40_41xxx"
    #define STM32F40_41xxx
..\Libraries\STM32F4xx_StdPeriph_Driver\src\misc.c: 1 warning, 0 errors
compiling stm32f4xx_usart.c...
..\Libraries\CMSIS\Device\ST\STM32F4xx\Include\stm32f4xx.h(87): warning:  #47-D: incompatible redefinition of macro "STM32F40_41xxx"
    #define STM32F40_41xxx
..\Libraries\STM32F4xx_StdPeriph_Driver\src\stm32f4xx_usart.c: 1 warning, 0 errors
compiling stm32f4xx_can.c...
..\Libraries\CMSIS\Device\ST\STM32F4xx\Include\stm32f4xx.h(87): warning:  #47-D: incompatible redefinition of macro "STM32F40_41xxx"
    #define STM32F40_41xxx
..\Libraries\STM32F4xx_StdPeriph_Driver\src\stm32f4xx_can.c: 1 warning, 0 errors
compiling stm32f4xx_tim.c...
..\Libraries\CMSIS\Device\ST\STM32F4xx\Include\stm32f4xx.h(87): warning:  #47-D: incompatible redefinition of macro "STM32F40_41xxx"
    #define STM32F40_41xxx
..\Libraries\STM32F4xx_StdPeriph_Driver\src\stm32f4xx_tim.c: 1 warning, 0 errors
compiling system_stm32f4xx.c...
..\Libraries\CMSIS\Device\ST\STM32F4xx\Include\stm32f4xx.h(87): warning:  #47-D: incompatible redefinition of macro "STM32F40_41xxx"
    #define STM32F40_41xxx
..\User\system_stm32f4xx.c: 1 warning, 0 errors
compiling delay.c...
..\Libraries\CMSIS\Device\ST\STM32F4xx\Include\stm32f4xx.h(87): warning:  #47-D: incompatible redefinition of macro "STM32F40_41xxx"
    #define STM32F40_41xxx
..\SYSTEM\delay\delay.c: 1 warning, 0 errors
compiling sys.c...
..\Libraries\CMSIS\Device\ST\STM32F4xx\Include\stm32f4xx.h(87): warning:  #47-D: incompatible redefinition of macro "STM32F40_41xxx"
    #define STM32F40_41xxx
..\SYSTEM\sys\sys.c: 1 warning, 0 errors
compiling can1.c...
..\Libraries\CMSIS\Device\ST\STM32F4xx\Include\stm32f4xx.h(87): warning:  #47-D: incompatible redefinition of macro "STM32F40_41xxx"
    #define STM32F40_41xxx
..\MYLIB\can1.c: 1 warning, 0 errors
compiling kulun.c...
..\Libraries\CMSIS\Device\ST\STM32F4xx\Include\stm32f4xx.h(87): warning:  #47-D: incompatible redefinition of macro "STM32F40_41xxx"
    #define STM32F40_41xxx
..\MYLIB\kulun.c: 1 warning, 0 errors
compiling myiic.c...
..\Libraries\CMSIS\Device\ST\STM32F4xx\Include\stm32f4xx.h(87): warning:  #47-D: incompatible redefinition of macro "STM32F40_41xxx"
    #define STM32F40_41xxx
..\MYLIB\myiic.c(272): warning:  #177-D: variable "hsum" was declared but never referenced
        float hsum[3];
..\MYLIB\myiic.c: 2 warnings, 0 errors
compiling pstwo.c...
..\Libraries\CMSIS\Device\ST\STM32F4xx\Include\stm32f4xx.h(87): warning:  #47-D: incompatible redefinition of macro "STM32F40_41xxx"
    #define STM32F40_41xxx
..\MYLIB\pstwo.c: 1 warning, 0 errors
compiling RC.c...
..\Libraries\CMSIS\Device\ST\STM32F4xx\Include\stm32f4xx.h(87): warning:  #47-D: incompatible redefinition of macro "STM32F40_41xxx"
    #define STM32F40_41xxx
..\MYLIB\RC.c: 1 warning, 0 errors
compiling time.c...
..\Libraries\CMSIS\Device\ST\STM32F4xx\Include\stm32f4xx.h(87): warning:  #47-D: incompatible redefinition of macro "STM32F40_41xxx"
    #define STM32F40_41xxx
..\MYLIB\time.c: 1 warning, 0 errors
compiling Transfer.c...
..\Libraries\CMSIS\Device\ST\STM32F4xx\Include\stm32f4xx.h(87): warning:  #47-D: incompatible redefinition of macro "STM32F40_41xxx"
    #define STM32F40_41xxx
..\MYLIB\Transfer.c: 1 warning, 0 errors
compiling pbdata.c...
..\Libraries\CMSIS\Device\ST\STM32F4xx\Include\stm32f4xx.h(87): warning:  #47-D: incompatible redefinition of macro "STM32F40_41xxx"
    #define STM32F40_41xxx
..\MYLIB\pbdata.c: 1 warning, 0 errors
linking...
Program Size: Code=8648 RO-data=424 RW-data=172 ZI-data=1628  
FromELF: creating hex file...
".\Obj\project.axf" - 0 Error(s), 26 Warning(s).
