<html>
<body>
<pre>
<h1>礦ision Build Log</h1>
<h2>Project:</h2>
H:\买回来的开发板资料备份\STM32F407VET6开发板资料\实验例程\基础例程-RS232通讯测试\基础例程-RS232通讯测试\Project\project.uvproj
Project File Date:  08/26/2017

<h2>Output:</h2>
Rebuild target 'STM32F407'
compiling stm32f4xx_assert.c...
compiling stm32f4xx_it.c...
compiling main.c...
..\User\main.c(22): warning:  #167-D: argument of type "volatile unsigned char *" is incompatible with parameter of type "unsigned char *"
compiling NVIC.C...
compiling SCI.c...
assembling startup_stm32f40_41xxx.s...
compiling stm32f4xx_crc.c...
compiling stm32f4xx_gpio.c...
compiling stm32f4xx_rcc.c...
compiling stm32f4xx_syscfg.c...
compiling misc.c...
compiling stm32f4xx_usart.c...
compiling system_stm32f4xx.c...
linking...
Program Size: Code=2108 RO-data=424 RW-data=24 ZI-data=1128  
FromELF: creating hex file...
".\Obj\project.axf" - 0 Errors, 1 Warning(s).
Load "H:\\买回来的开发板资料备份\\STM32F407VET6开发板资料\\实验例程\\基础例程-RS232通讯测试\\基础例程-RS232通讯测试\\Project\\Obj\\project.axf" 
Set JLink Project File to "H:\买回来的开发板资料备份\STM32F407VET6开发板资料\实验例程\基础例程-RS232通讯测试\基础例程-RS232通讯测试\Project\JLinkSettings.ini"
* JLink Info: Device "STM32F407VE" selected (512 KB flash, 128 KB RAM).
 
JLink info:
------------
DLL: V4.68a, compiled Apr 12 2013 13:26:50
Firmware: J-Link ARM V8 compiled Nov 14 2012 22:34:52
Hardware: V8.00
Feature(s) : RDI,FlashDL,FlashBP,JFlash,GDBFULL 
 
* JLink Info: Found SWD-DP with ID 0x2BA01477
* JLink Info: Found SWD-DP with ID 0x2BA01477
* JLink Info: TPIU fitted.
* JLink Info: ETM fitted.
* JLink Info: FPUnit: 6 code (BP) slots and 2 literal slots
* JLink Info: Found Cortex-M4 r0p1, Little endian.
ROMTableAddr = 0xE00FF003
 
Target info:
------------
Device: STM32F407VE
VTarget = 3.280V
State of Pins: 
TCK: 0, TDI: 1, TDO: 1, TMS: 1, TRES: 1, TRST: 1
Hardware-Breakpoints: 6
Software-Breakpoints: 8192
Watchpoints:          4
JTAG speed: 2000 kHz
 
Erase Done.
Programming Done.
Verify OK.
Application running ...
Load "H:\\买回来的开发板资料备份\\STM32F407VET6开发板资料\\实验例程\\基础例程-RS232通讯测试\\基础例程-RS232通讯测试\\Project\\Obj\\project.axf" 
Set JLink Project File to "H:\买回来的开发板资料备份\STM32F407VET6开发板资料\实验例程\基础例程-RS232通讯测试\基础例程-RS232通讯测试\Project\JLinkSettings.ini"
* JLink Info: Device "STM32F407VE" selected (512 KB flash, 128 KB RAM).
 
JLink info:
------------
DLL: V4.68a, compiled Apr 12 2013 13:26:50
Firmware: J-Link ARM V8 compiled Nov 14 2012 22:34:52
Hardware: V8.00
Feature(s) : RDI,FlashDL,FlashBP,JFlash,GDBFULL 
 
* JLink Info: Found SWD-DP with ID 0x2BA01477
* JLink Info: Found SWD-DP with ID 0x2BA01477
* JLink Info: TPIU fitted.
* JLink Info: ETM fitted.
* JLink Info: FPUnit: 6 code (BP) slots and 2 literal slots
* JLink Info: Found Cortex-M4 r0p1, Little endian.
ROMTableAddr = 0xE00FF003
 
Target info:
------------
Device: STM32F407VE
VTarget = 3.280V
State of Pins: 
TCK: 0, TDI: 1, TDO: 1, TMS: 1, TRES: 1, TRST: 1
Hardware-Breakpoints: 6
Software-Breakpoints: 8192
Watchpoints:          4
JTAG speed: 2000 kHz
 
Erase Done.
Programming Done.
Verify OK.
Application running ...
Rebuild target 'STM32F407'
compiling stm32f4xx_assert.c...
compiling stm32f4xx_it.c...
compiling main.c...
..\User\main.c(22): warning:  #167-D: argument of type "volatile unsigned char *" is incompatible with parameter of type "unsigned char *"
compiling NVIC.C...
compiling SCI.c...
assembling startup_stm32f40_41xxx.s...
compiling stm32f4xx_crc.c...
compiling stm32f4xx_gpio.c...
compiling stm32f4xx_rcc.c...
compiling stm32f4xx_syscfg.c...
compiling misc.c...
compiling stm32f4xx_usart.c...
compiling system_stm32f4xx.c...
linking...
Program Size: Code=2116 RO-data=424 RW-data=24 ZI-data=1128  
FromELF: creating hex file...
".\Obj\project.axf" - 0 Errors, 1 Warning(s).
Load "H:\\买回来的开发板资料备份\\STM32F407VET6开发板资料\\实验例程\\基础例程-RS232通讯测试\\基础例程-RS232通讯测试\\Project\\Obj\\project.axf" 
Set JLink Project File to "H:\买回来的开发板资料备份\STM32F407VET6开发板资料\实验例程\基础例程-RS232通讯测试\基础例程-RS232通讯测试\Project\JLinkSettings.ini"
* JLink Info: Device "STM32F407VE" selected (512 KB flash, 128 KB RAM).
 
JLink info:
------------
DLL: V4.68a, compiled Apr 12 2013 13:26:50
Firmware: J-Link ARM V8 compiled Nov 14 2012 22:34:52
Hardware: V8.00
Feature(s) : RDI,FlashDL,FlashBP,JFlash,GDBFULL 
 
* JLink Info: Found SWD-DP with ID 0x2BA01477
* JLink Info: Found SWD-DP with ID 0x2BA01477
* JLink Info: TPIU fitted.
* JLink Info: ETM fitted.
* JLink Info: FPUnit: 6 code (BP) slots and 2 literal slots
* JLink Info: Found Cortex-M4 r0p1, Little endian.
ROMTableAddr = 0xE00FF003
 
Target info:
------------
Device: STM32F407VE
VTarget = 3.280V
State of Pins: 
TCK: 0, TDI: 1, TDO: 1, TMS: 1, TRES: 1, TRST: 1
Hardware-Breakpoints: 6
Software-Breakpoints: 8192
Watchpoints:          4
JTAG speed: 2000 kHz
 
Erase Done.
Programming Done.
Verify OK.
Application running ...
Rebuild target 'STM32F407'
compiling stm32f4xx_assert.c...
compiling stm32f4xx_it.c...
compiling main.c...
..\User\main.c(22): warning:  #167-D: argument of type "volatile unsigned char *" is incompatible with parameter of type "unsigned char *"
compiling NVIC.C...
compiling SCI.c...
assembling startup_stm32f40_41xxx.s...
compiling stm32f4xx_crc.c...
compiling stm32f4xx_gpio.c...
compiling stm32f4xx_rcc.c...
compiling stm32f4xx_syscfg.c...
compiling misc.c...
compiling stm32f4xx_usart.c...
compiling system_stm32f4xx.c...
linking...
Program Size: Code=2116 RO-data=424 RW-data=24 ZI-data=1128  
FromELF: creating hex file...
".\Obj\project.axf" - 0 Errors, 1 Warning(s).
Load "H:\\买回来的开发板资料备份\\STM32F407VET6开发板资料\\实验例程\\基础例程-RS232通讯测试\\基础例程-RS232通讯测试\\Project\\Obj\\project.axf" 
Set JLink Project File to "H:\买回来的开发板资料备份\STM32F407VET6开发板资料\实验例程\基础例程-RS232通讯测试\基础例程-RS232通讯测试\Project\JLinkSettings.ini"
* JLink Info: Device "STM32F407VE" selected (512 KB flash, 128 KB RAM).
 
JLink info:
------------
DLL: V4.68a, compiled Apr 12 2013 13:26:50
Firmware: J-Link ARM V8 compiled Nov 14 2012 22:34:52
Hardware: V8.00
Feature(s) : RDI,FlashDL,FlashBP,JFlash,GDBFULL 
 
* JLink Info: Found SWD-DP with ID 0x2BA01477
* JLink Info: Found SWD-DP with ID 0x2BA01477
* JLink Info: TPIU fitted.
* JLink Info: ETM fitted.
* JLink Info: FPUnit: 6 code (BP) slots and 2 literal slots
* JLink Info: Found Cortex-M4 r0p1, Little endian.
ROMTableAddr = 0xE00FF003
 
Target info:
------------
Device: STM32F407VE
VTarget = 3.274V
State of Pins: 
TCK: 0, TDI: 1, TDO: 1, TMS: 1, TRES: 1, TRST: 1
Hardware-Breakpoints: 6
Software-Breakpoints: 8192
Watchpoints:          4
JTAG speed: 2000 kHz
 
Erase Done.
Programming Done.
Verify OK.
Application running ...
Load "H:\\买回来的开发板资料备份\\STM32F407VET6开发板资料\\实验例程\\基础例程-RS232通讯测试\\基础例程-RS232通讯测试\\Project\\Obj\\project.axf" 
Set JLink Project File to "H:\买回来的开发板资料备份\STM32F407VET6开发板资料\实验例程\基础例程-RS232通讯测试\基础例程-RS232通讯测试\Project\JLinkSettings.ini"
* JLink Info: Device "STM32F407VE" selected (512 KB flash, 128 KB RAM).
 
JLink info:
------------
DLL: V4.68a, compiled Apr 12 2013 13:26:50
Firmware: J-Link ARM V8 compiled Nov 14 2012 22:34:52
Hardware: V8.00
Feature(s) : RDI,FlashDL,FlashBP,JFlash,GDBFULL 
 
* JLink Info: Found SWD-DP with ID 0x2BA01477
* JLink Info: Found SWD-DP with ID 0x2BA01477
* JLink Info: TPIU fitted.
* JLink Info: ETM fitted.
* JLink Info: FPUnit: 6 code (BP) slots and 2 literal slots
* JLink Info: Found Cortex-M4 r0p1, Little endian.
ROMTableAddr = 0xE00FF003
 
Target info:
------------
Device: STM32F407VE
VTarget = 3.280V
State of Pins: 
TCK: 0, TDI: 1, TDO: 1, TMS: 1, TRES: 1, TRST: 1
Hardware-Breakpoints: 6
Software-Breakpoints: 8192
Watchpoints:          4
JTAG speed: 2000 kHz
 
Erase Done.
Programming Done.
Verify OK.
Application running ...
Load "H:\\买回来的开发板资料备份\\STM32F407VET6开发板资料\\实验例程\\基础例程-RS232通讯测试\\基础例程-RS232通讯测试\\Project\\Obj\\project.axf" 
Set JLink Project File to "H:\买回来的开发板资料备份\STM32F407VET6开发板资料\实验例程\基础例程-RS232通讯测试\基础例程-RS232通讯测试\Project\JLinkSettings.ini"
* JLink Info: Device "STM32F407VE" selected (512 KB flash, 128 KB RAM).
 
JLink info:
------------
DLL: V4.68a, compiled Apr 12 2013 13:26:50
Firmware: J-Link ARM V8 compiled Nov 14 2012 22:34:52
Hardware: V8.00
Feature(s) : RDI,FlashDL,FlashBP,JFlash,GDBFULL 
 
* JLink Info: Found SWD-DP with ID 0x2BA01477
* JLink Info: Found SWD-DP with ID 0x2BA01477
* JLink Info: TPIU fitted.
* JLink Info: ETM fitted.
* JLink Info: FPUnit: 6 code (BP) slots and 2 literal slots
* JLink Info: Found Cortex-M4 r0p1, Little endian.
ROMTableAddr = 0xE00FF003
 
Target info:
------------
Device: STM32F407VE
VTarget = 3.274V
State of Pins: 
TCK: 0, TDI: 1, TDO: 1, TMS: 1, TRES: 1, TRST: 1
Hardware-Breakpoints: 6
Software-Breakpoints: 8192
Watchpoints:          4
JTAG speed: 2000 kHz
 
Erase Done.
Programming Done.
Verify OK.
Application running ...
Rebuild target 'STM32F407'
compiling stm32f4xx_assert.c...
compiling stm32f4xx_it.c...
compiling main.c...
..\User\main.c(22): warning:  #167-D: argument of type "volatile unsigned char *" is incompatible with parameter of type "unsigned char *"
compiling NVIC.C...
compiling SCI.c...
assembling startup_stm32f40_41xxx.s...
compiling stm32f4xx_crc.c...
compiling stm32f4xx_gpio.c...
compiling stm32f4xx_rcc.c...
compiling stm32f4xx_syscfg.c...
compiling misc.c...
compiling stm32f4xx_usart.c...
compiling system_stm32f4xx.c...
linking...
Program Size: Code=2116 RO-data=424 RW-data=24 ZI-data=1128  
FromELF: creating hex file...
".\Obj\project.axf" - 0 Errors, 1 Warning(s).
Rebuild target 'STM32F407'
compiling stm32f4xx_assert.c...
compiling stm32f4xx_it.c...
compiling main.c...
..\User\main.c(21): warning:  #223-D: function "UART1Test" declared implicitly
compiling NVIC.C...
compiling SCI.c...
assembling startup_stm32f40_41xxx.s...
compiling stm32f4xx_crc.c...
compiling stm32f4xx_gpio.c...
compiling stm32f4xx_rcc.c...
compiling stm32f4xx_syscfg.c...
compiling misc.c...
compiling stm32f4xx_usart.c...
compiling system_stm32f4xx.c...
linking...
Program Size: Code=2148 RO-data=424 RW-data=24 ZI-data=1128  
FromELF: creating hex file...
".\Obj\project.axf" - 0 Errors, 1 Warning(s).
Load "H:\\买回来的开发板资料备份\\STM32F407VET6开发板资料\\实验例程\\基础例程-RS232通讯测试\\基础例程-RS232通讯测试\\Project\\Obj\\project.axf" 
Set JLink Project File to "H:\买回来的开发板资料备份\STM32F407VET6开发板资料\实验例程\基础例程-RS232通讯测试\基础例程-RS232通讯测试\Project\JLinkSettings.ini"
* JLink Info: Device "STM32F407VE" selected (512 KB flash, 128 KB RAM).
 
JLink info:
------------
DLL: V4.68a, compiled Apr 12 2013 13:26:50
Firmware: J-Link ARM V8 compiled Nov 14 2012 22:34:52
Hardware: V8.00
Feature(s) : RDI,FlashDL,FlashBP,JFlash,GDBFULL 
 
* JLink Info: Found SWD-DP with ID 0x2BA01477
* JLink Info: Found SWD-DP with ID 0x2BA01477
* JLink Info: TPIU fitted.
* JLink Info: ETM fitted.
* JLink Info: FPUnit: 6 code (BP) slots and 2 literal slots
* JLink Info: Found Cortex-M4 r0p1, Little endian.
ROMTableAddr = 0xE00FF003
 
Target info:
------------
Device: STM32F407VE
VTarget = 3.274V
State of Pins: 
TCK: 0, TDI: 1, TDO: 1, TMS: 1, TRES: 1, TRST: 1
Hardware-Breakpoints: 6
Software-Breakpoints: 8192
Watchpoints:          4
JTAG speed: 2000 kHz
 
Erase Done.
Programming Done.
Verify OK.
Application running ...
Load "H:\\买回来的开发板资料备份\\STM32F407VET6开发板资料\\实验例程\\基础例程-RS232通讯测试\\基础例程-RS232通讯测试\\Project\\Obj\\project.axf" 
Set JLink Project File to "H:\买回来的开发板资料备份\STM32F407VET6开发板资料\实验例程\基础例程-RS232通讯测试\基础例程-RS232通讯测试\Project\JLinkSettings.ini"
* JLink Info: Device "STM32F407VE" selected (512 KB flash, 128 KB RAM).
 
JLink info:
------------
DLL: V4.68a, compiled Apr 12 2013 13:26:50
Firmware: J-Link ARM V8 compiled Nov 14 2012 22:34:52
Hardware: V8.00
Feature(s) : RDI,FlashDL,FlashBP,JFlash,GDBFULL 
 
* JLink Info: Found SWD-DP with ID 0x2BA01477
* JLink Info: Found SWD-DP with ID 0x2BA01477
* JLink Info: TPIU fitted.
* JLink Info: ETM fitted.
* JLink Info: FPUnit: 6 code (BP) slots and 2 literal slots
* JLink Info: Found Cortex-M4 r0p1, Little endian.
ROMTableAddr = 0xE00FF003
 
Target info:
------------
Device: STM32F407VE
VTarget = 3.280V
State of Pins: 
TCK: 0, TDI: 1, TDO: 1, TMS: 1, TRES: 1, TRST: 1
Hardware-Breakpoints: 6
Software-Breakpoints: 8192
Watchpoints:          4
JTAG speed: 2000 kHz
 
Erase Done.
Programming Done.
Verify OK.
Application running ...
Rebuild target 'STM32F407'
compiling stm32f4xx_assert.c...
compiling stm32f4xx_it.c...
compiling main.c...
..\User\main.c(21): warning:  #223-D: function "UART1Test" declared implicitly
compiling NVIC.C...
compiling SCI.c...
assembling startup_stm32f40_41xxx.s...
compiling stm32f4xx_crc.c...
compiling stm32f4xx_gpio.c...
compiling stm32f4xx_rcc.c...
compiling stm32f4xx_syscfg.c...
compiling misc.c...
compiling stm32f4xx_usart.c...
compiling system_stm32f4xx.c...
linking...
Program Size: Code=1956 RO-data=424 RW-data=16 ZI-data=1024  
FromELF: creating hex file...
".\Obj\project.axf" - 0 Errors, 1 Warning(s).
Load "H:\\买回来的开发板资料备份\\STM32F407VET6开发板资料\\实验例程\\基础例程-RS232通讯测试\\基础例程-RS232通讯测试\\Project\\Obj\\project.axf" 
Set JLink Project File to "H:\买回来的开发板资料备份\STM32F407VET6开发板资料\实验例程\基础例程-RS232通讯测试\基础例程-RS232通讯测试\Project\JLinkSettings.ini"
* JLink Info: Device "STM32F407VE" selected (512 KB flash, 128 KB RAM).
 
JLink info:
------------
DLL: V4.68a, compiled Apr 12 2013 13:26:50
Firmware: J-Link ARM V8 compiled Nov 14 2012 22:34:52
Hardware: V8.00
Feature(s) : RDI,FlashDL,FlashBP,JFlash,GDBFULL 
 
* JLink Info: Found SWD-DP with ID 0x2BA01477
* JLink Info: Found SWD-DP with ID 0x2BA01477
* JLink Info: TPIU fitted.
* JLink Info: ETM fitted.
* JLink Info: FPUnit: 6 code (BP) slots and 2 literal slots
* JLink Info: Found Cortex-M4 r0p1, Little endian.
ROMTableAddr = 0xE00FF003
 
Target info:
------------
Device: STM32F407VE
VTarget = 3.274V
State of Pins: 
TCK: 0, TDI: 1, TDO: 1, TMS: 1, TRES: 1, TRST: 1
Hardware-Breakpoints: 6
Software-Breakpoints: 8192
Watchpoints:          4
JTAG speed: 2000 kHz
 
Erase Done.
Programming Done.
Verify OK.
Application running ...
