Product: MDK-ARM Standard 5.10
Component: ARM Compiler 5.04 update 1 (build 49)
Tool: armlink [5040049]

==============================================================================

Section Cross References

    main.o(i.main) refers to delay.o(i.delay_init) for delay_init
    main.o(i.main) refers to nvic.o(i.NVIC_Configuration) for NVIC_Configuration
    main.o(i.main) refers to sci.o(i.USART_Configuration) for USART_Configuration
    main.o(i.main) refers to can1.o(i.CAN1_Configuration) for CAN1_Configuration
    main.o(i.main) refers to myiic.o(i.IIC_Init) for IIC_Init
    main.o(i.main) refers to pstwo.o(i.PS2_Init) for PS2_Init
    main.o(i.main) refers to delay.o(i.delay_ms) for delay_ms
    main.o(i.main) refers to can1.o(i.CAN_RoboModule_DRV_Reset) for CAN_RoboModule_DRV_Reset
    main.o(i.main) refers to can1.o(i.CAN_RoboModule_DRV_Config) for CAN_RoboModule_DRV_Config
    main.o(i.main) refers to delay.o(i.delay_us) for delay_us
    main.o(i.main) refers to can1.o(i.CAN_RoboModule_DRV_Mode_Choice) for CAN_RoboModule_DRV_Mode_Choice
    main.o(i.main) refers to time.o(i.TIM3_Int_Init) for TIM3_Int_Init
    main.o(i.main) refers to rc.o(i.Robot_init) for Robot_init
    main.o(i.main) refers to pstwo.o(i.key_get) for key_get
    main.o(i.main) refers to rc.o(i.KEY_SWITCH) for KEY_SWITCH
    main.o(i.main) refers to rc.o(i.robot_control_5) for robot_control_5
    main.o(i.main) refers to rc.o(i.Stand) for Stand
    main.o(i.main) refers to rc.o(i.Half_step) for Half_step
    main.o(i.main) refers to main.o(.data) for .data
    main.o(i.main) refers to rc.o(.data) for robState
    main.o(i.main) refers to rc.o(.bss) for RC
    nvic.o(i.NVIC_Configuration) refers to misc.o(i.NVIC_SetVectorTable) for NVIC_SetVectorTable
    nvic.o(i.NVIC_Configuration) refers to misc.o(i.NVIC_PriorityGroupConfig) for NVIC_PriorityGroupConfig
    nvic.o(i.NVIC_Configuration) refers to misc.o(i.NVIC_Init) for NVIC_Init
    sci.o(i.UART1GetByte) refers to stm32f4xx_usart.o(i.USART_GetFlagStatus) for USART_GetFlagStatus
    sci.o(i.UART1GetByte) refers to stm32f4xx_usart.o(i.USART_ReceiveData) for USART_ReceiveData
    sci.o(i.UART1Test) refers to stm32f4xx_usart.o(i.USART_SendData) for USART_SendData
    sci.o(i.UART1Test) refers to sci.o(i.UART1GetByte) for UART1GetByte
    sci.o(i.UARTSendByte) refers to stm32f4xx_usart.o(i.USART_SendData) for USART_SendData
    sci.o(i.USART3_IRQHandler) refers to stm32f4xx_usart.o(i.USART_GetITStatus) for USART_GetITStatus
    sci.o(i.USART3_IRQHandler) refers to stm32f4xx_usart.o(i.USART_ClearFlag) for USART_ClearFlag
    sci.o(i.USART_Configuration) refers to stm32f4xx_rcc.o(i.RCC_AHB1PeriphClockCmd) for RCC_AHB1PeriphClockCmd
    sci.o(i.USART_Configuration) refers to stm32f4xx_rcc.o(i.RCC_APB1PeriphClockCmd) for RCC_APB1PeriphClockCmd
    sci.o(i.USART_Configuration) refers to stm32f4xx_usart.o(i.USART_DeInit) for USART_DeInit
    sci.o(i.USART_Configuration) refers to stm32f4xx_usart.o(i.USART_StructInit) for USART_StructInit
    sci.o(i.USART_Configuration) refers to stm32f4xx_usart.o(i.USART_ClockStructInit) for USART_ClockStructInit
    sci.o(i.USART_Configuration) refers to stm32f4xx_gpio.o(i.GPIO_Init) for GPIO_Init
    sci.o(i.USART_Configuration) refers to stm32f4xx_gpio.o(i.GPIO_PinAFConfig) for GPIO_PinAFConfig
    sci.o(i.USART_Configuration) refers to stm32f4xx_usart.o(i.USART_ClockInit) for USART_ClockInit
    sci.o(i.USART_Configuration) refers to stm32f4xx_usart.o(i.USART_Init) for USART_Init
    sci.o(i.USART_Configuration) refers to stm32f4xx_usart.o(i.USART_ITConfig) for USART_ITConfig
    sci.o(i.USART_Configuration) refers to stm32f4xx_usart.o(i.USART_ClearITPendingBit) for USART_ClearITPendingBit
    sci.o(i.USART_Configuration) refers to stm32f4xx_usart.o(i.USART_Cmd) for USART_Cmd
    sci.o(i.usart_init) refers to stm32f4xx_rcc.o(i.RCC_AHB1PeriphClockCmd) for RCC_AHB1PeriphClockCmd
    sci.o(i.usart_init) refers to stm32f4xx_rcc.o(i.RCC_APB2PeriphClockCmd) for RCC_APB2PeriphClockCmd
    sci.o(i.usart_init) refers to stm32f4xx_usart.o(i.USART_DeInit) for USART_DeInit
    sci.o(i.usart_init) refers to stm32f4xx_usart.o(i.USART_StructInit) for USART_StructInit
    sci.o(i.usart_init) refers to stm32f4xx_usart.o(i.USART_ClockStructInit) for USART_ClockStructInit
    sci.o(i.usart_init) refers to stm32f4xx_gpio.o(i.GPIO_Init) for GPIO_Init
    sci.o(i.usart_init) refers to stm32f4xx_gpio.o(i.GPIO_PinAFConfig) for GPIO_PinAFConfig
    sci.o(i.usart_init) refers to stm32f4xx_usart.o(i.USART_ClockInit) for USART_ClockInit
    sci.o(i.usart_init) refers to stm32f4xx_usart.o(i.USART_Init) for USART_Init
    sci.o(i.usart_init) refers to stm32f4xx_usart.o(i.USART_ITConfig) for USART_ITConfig
    sci.o(i.usart_init) refers to stm32f4xx_usart.o(i.USART_ClearITPendingBit) for USART_ClearITPendingBit
    sci.o(i.usart_init) refers to stm32f4xx_usart.o(i.USART_Cmd) for USART_Cmd
[...]
    can1.o(i.CAN1_TX_IRQHandler) refers to can1.o(.data) for .data
    can1.o(i.CAN_RoboModule_DRV_Config) refers to stm32f4xx_can.o(i.CAN_Transmit) for CAN_Transmit
    can1.o(i.CAN_RoboModule_DRV_Config) refers to can1.o(i.CAN_Delay_Us) for CAN_Delay_Us
    can1.o(i.CAN_RoboModule_DRV_Config) refers to can1.o(.data) for .data
    can1.o(i.CAN_RoboModule_DRV_Current_Mode) refers to stm32f4xx_can.o(i.CAN_Transmit) for CAN_Transmit
    can1.o(i.CAN_RoboModule_DRV_Current_Mode) refers to can1.o(i.CAN_Delay_Us) for CAN_Delay_Us
    can1.o(i.CAN_RoboModule_DRV_Current_Mode) refers to can1.o(.data) for .data
    can1.o(i.CAN_RoboModule_DRV_Current_Position_Mode) refers to stm32f4xx_can.o(i.CAN_Transmit) for CAN_Transmit
    can1.o(i.CAN_RoboModule_DRV_Current_Position_Mode) refers to can1.o(i.CAN_Delay_Us) for CAN_Delay_Us
    can1.o(i.CAN_RoboModule_DRV_Current_Position_Mode) refers to can1.o(.data) for .data
    can1.o(i.CAN_RoboModule_DRV_Current_Velocity_Mode) refers to stm32f4xx_can.o(i.CAN_Transmit) for CAN_Transmit
    can1.o(i.CAN_RoboModule_DRV_Current_Velocity_Mode) refers to can1.o(i.CAN_Delay_Us) for CAN_Delay_Us
    can1.o(i.CAN_RoboModule_DRV_Current_Velocity_Mode) refers to can1.o(.data) for .data
    can1.o(i.CAN_RoboModule_DRV_Current_Velocity_Position_Mode) refers to stm32f4xx_can.o(i.CAN_Transmit) for CAN_Transmit
    can1.o(i.CAN_RoboModule_DRV_Current_Velocity_Position_Mode) refers to can1.o(i.CAN_Delay_Us) for CAN_Delay_Us
    can1.o(i.CAN_RoboModule_DRV_Current_Velocity_Position_Mode) refers to can1.o(.data) for .data
    can1.o(i.CAN_RoboModule_DRV_Mode_Choice) refers to stm32f4xx_can.o(i.CAN_Transmit) for CAN_Transmit
    can1.o(i.CAN_RoboModule_DRV_Mode_Choice) refers to can1.o(i.CAN_Delay_Us) for CAN_Delay_Us
    can1.o(i.CAN_RoboModule_DRV_Mode_Choice) refers to can1.o(.data) for .data
    can1.o(i.CAN_RoboModule_DRV_Online_Check) refers to stm32f4xx_can.o(i.CAN_Transmit) for CAN_Transmit
    can1.o(i.CAN_RoboModule_DRV_Online_Check) refers to can1.o(i.CAN_Delay_Us) for CAN_Delay_Us
    can1.o(i.CAN_RoboModule_DRV_Online_Check) refers to can1.o(.data) for .data
    can1.o(i.CAN_RoboModule_DRV_OpenLoop_Mode) refers to stm32f4xx_can.o(i.CAN_Transmit) for CAN_Transmit
    can1.o(i.CAN_RoboModule_DRV_OpenLoop_Mode) refers to can1.o(i.CAN_Delay_Us) for CAN_Delay_Us
    can1.o(i.CAN_RoboModule_DRV_OpenLoop_Mode) refers to can1.o(.data) for .data
    can1.o(i.CAN_RoboModule_DRV_Position_Mode) refers to stm32f4xx_can.o(i.CAN_Transmit) for CAN_Transmit
    can1.o(i.CAN_RoboModule_DRV_Position_Mode) refers to can1.o(i.CAN_Delay_Us) for CAN_Delay_Us
    can1.o(i.CAN_RoboModule_DRV_Position_Mode) refers to can1.o(.data) for .data
    can1.o(i.CAN_RoboModule_DRV_Reset) refers to stm32f4xx_can.o(i.CAN_Transmit) for CAN_Transmit
    can1.o(i.CAN_RoboModule_DRV_Reset) refers to can1.o(i.CAN_Delay_Us) for CAN_Delay_Us
    can1.o(i.CAN_RoboModule_DRV_Reset) refers to can1.o(.data) for .data
    can1.o(i.CAN_RoboModule_DRV_Velocity_Mode) refers to stm32f4xx_can.o(i.CAN_Transmit) for CAN_Transmit
    can1.o(i.CAN_RoboModule_DRV_Velocity_Mode) refers to can1.o(i.CAN_Delay_Us) for CAN_Delay_Us
    can1.o(i.CAN_RoboModule_DRV_Velocity_Mode) refers to can1.o(.data) for .data
    can1.o(i.CAN_RoboModule_DRV_Velocity_Position_Mode) refers to stm32f4xx_can.o(i.CAN_Transmit) for CAN_Transmit
    can1.o(i.CAN_RoboModule_DRV_Velocity_Position_Mode) refers to can1.o(i.CAN_Delay_Us) for CAN_Delay_Us
    can1.o(i.CAN_RoboModule_DRV_Velocity_Position_Mode) refers to can1.o(.data) for .data
    kulun.o(i.kunlun_send_function) refers to stm32f4xx_usart.o(i.USART_SendData) for USART_SendData
    kulun.o(i.kunlun_send_function) refers to kulun.o(.data) for .data
    myiic.o(i.GY_901_Get) refers to myiic.o(i.IICreadBytes) for IICreadBytes
    myiic.o(i.GY_901_Get) refers to myiic.o(i.CharToShort) for CharToShort
    myiic.o(i.GY_901_Get) refers to myiic.o(.bss) for .bss
    myiic.o(i.GY_901_Set_Offset) refers to myiic.o(i.GY_901_Get) for GY_901_Get
    myiic.o(i.GY_901_Set_Offset) refers to delay.o(i.delay_ms) for delay_ms
    myiic.o(i.GY_901_Set_Offset) refers to myiic.o(.bss) for .bss
    myiic.o(i.IIC_Ack) refers to myiic.o(i.SDA_OUT) for SDA_OUT
    myiic.o(i.IIC_Ack) refers to delay.o(i.delay_us) for delay_us
    myiic.o(i.IIC_Init) refers to stm32f4xx_rcc.o(i.RCC_AHB1PeriphClockCmd) for RCC_AHB1PeriphClockCmd
    myiic.o(i.IIC_Init) refers to stm32f4xx_gpio.o(i.GPIO_Init) for GPIO_Init
    myiic.o(i.IIC_NAck) refers to myiic.o(i.SDA_OUT) for SDA_OUT
    myiic.o(i.IIC_NAck) refers to delay.o(i.delay_us) for delay_us
    myiic.o(i.IIC_Read_Byte) refers to myiic.o(i.SDA_IN) for SDA_IN
    myiic.o(i.IIC_Read_Byte) refers to delay.o(i.delay_us) for delay_us
    myiic.o(i.IIC_Read_Byte) refers to myiic.o(i.IIC_Ack) for IIC_Ack
    myiic.o(i.IIC_Read_Byte) refers to myiic.o(i.IIC_NAck) for IIC_NAck
    myiic.o(i.IIC_Send_Byte) refers to myiic.o(i.SDA_OUT) for SDA_OUT
    myiic.o(i.IIC_Send_Byte) refers to delay.o(i.delay_us) for delay_us
    myiic.o(i.IIC_Start) refers to myiic.o(i.SDA_OUT) for SDA_OUT
    myiic.o(i.IIC_Start) refers to delay.o(i.delay_us) for delay_us
    myiic.o(i.IIC_Stop) refers to myiic.o(i.SDA_OUT) for SDA_OUT
    myiic.o(i.IIC_Stop) refers to delay.o(i.delay_us) for delay_us
    myiic.o(i.IIC_Wait_Ack) refers to myiic.o(i.SDA_IN) for SDA_IN
    myiic.o(i.IIC_Wait_Ack) refers to delay.o(i.delay_us) for delay_us
    myiic.o(i.IIC_Wait_Ack) refers to myiic.o(i.IIC_Stop) for IIC_Stop
    myiic.o(i.IICreadBytes) refers to myiic.o(i.IIC_Start) for IIC_Start
    myiic.o(i.IICreadBytes) refers to myiic.o(i.IIC_Send_Byte) for IIC_Send_Byte
    myiic.o(i.IICreadBytes) refers to myiic.o(i.IIC_Wait_Ack) for IIC_Wait_Ack
    myiic.o(i.IICreadBytes) refers to myiic.o(i.IIC_Read_Byte) for IIC_Read_Byte
    myiic.o(i.IICreadBytes) refers to myiic.o(i.IIC_Stop) for IIC_Stop
    myiic.o(i.IICwriteBytes) refers to myiic.o(i.IIC_Start) for IIC_Start
    myiic.o(i.IICwriteBytes) refers to myiic.o(i.IIC_Send_Byte) for IIC_Send_Byte
    myiic.o(i.IICwriteBytes) refers to myiic.o(i.IIC_Wait_Ack) for IIC_Wait_Ack
    myiic.o(i.IICwriteBytes) refers to myiic.o(i.IIC_Stop) for IIC_Stop
    myiic.o(i.SDA_IN) refers to stm32f4xx_gpio.o(i.GPIO_Init) for GPIO_Init
    myiic.o(i.SDA_OUT) refers to stm32f4xx_gpio.o(i.GPIO_Init) for GPIO_Init
    pstwo.o(i.PS2_AnologData) refers to pstwo.o(.bss) for .bss
    pstwo.o(i.PS2_ClearData) refers to pstwo.o(.bss) for .bss
    pstwo.o(i.PS2_DataKey) refers to pstwo.o(i.PS2_ClearData) for PS2_ClearData
    pstwo.o(i.PS2_DataKey) refers to pstwo.o(i.PS2_ReadData) for PS2_ReadData
    pstwo.o(i.PS2_DataKey) refers to pstwo.o(.data) for .data
    pstwo.o(i.PS2_DataKey) refers to pstwo.o(.bss) for .bss
    pstwo.o(i.PS2_Init) refers to stm32f4xx_rcc.o(i.RCC_AHB1PeriphClockCmd) for RCC_AHB1PeriphClockCmd
    pstwo.o(i.PS2_Init) refers to stm32f4xx_gpio.o(i.GPIO_Init) for GPIO_Init
    pstwo.o(i.PS2_ReadData) refers to delay.o(i.delay_us) for delay_us
    pstwo.o(i.key_get) refers to pstwo.o(i.PS2_DataKey) for PS2_DataKey
    pstwo.o(i.key_get) refers to delay.o(i.delay_ms) for delay_ms
    rc.o(i.Half_step) refers to rc.o(i.motor_control) for motor_control
    rc.o(i.Half_step) refers to rc.o(.data) for .data
    rc.o(i.Half_step) refers to rc.o(.bss) for .bss
    rc.o(i.KEY_SWITCH) refers to main.o(.data) for x
    rc.o(i.KEY_SWITCH) refers to rc.o(.data) for .data
    rc.o(i.KEY_SWITCH) refers to rc.o(.bss) for .bss
    rc.o(i.Robot_init) refers to rc.o(i.para_init) for para_init
    rc.o(i.Robot_init) refers to rc.o(.bss) for .bss
    rc.o(i.Robot_init) refers to rc.o(.data) for .data
    rc.o(i.Stand) refers to rc.o(i.motor_control) for motor_control
    rc.o(i.Stand) refers to rc.o(.data) for .data
    rc.o(i.Stand) refers to rc.o(.bss) for .bss
    rc.o(i.motor_control) refers to dflti.o(.text) for __aeabi_i2d
    rc.o(i.motor_control) refers to ddiv.o(.text) for __aeabi_ddiv
    rc.o(i.motor_control) refers to dadd.o(.text) for __aeabi_dsub
    rc.o(i.motor_control) refers to dfixi.o(.text) for __aeabi_d2iz
    rc.o(i.motor_control) refers to can1.o(i.CAN_RoboModule_DRV_Velocity_Mode) for CAN_RoboModule_DRV_Velocity_Mode
    rc.o(i.motor_control) refers to can1.o(.bss) for Real_Position_Value
    rc.o(i.motor_control) refers to rc.o(.bss) for .bss
    rc.o(i.motor_control) refers to rc.o(.data) for .data
    rc.o(i.motor_control_2) refers to dflti.o(.text) for __aeabi_i2d
    rc.o(i.motor_control_2) refers to ddiv.o(.text) for __aeabi_ddiv
    rc.o(i.motor_control_2) refers to dadd.o(.text) for __aeabi_dsub
    rc.o(i.motor_control_2) refers to dfixi.o(.text) for __aeabi_d2iz
    rc.o(i.motor_control_2) refers to can1.o(i.CAN_RoboModule_DRV_Velocity_Mode) for CAN_RoboModule_DRV_Velocity_Mode
    rc.o(i.motor_control_2) refers to can1.o(.bss) for Real_Position_Value
    rc.o(i.motor_control_2) refers to rc.o(.data) for .data
    rc.o(i.motor_control_3) refers to dflti.o(.text) for __aeabi_i2d
    rc.o(i.motor_control_3) refers to ddiv.o(.text) for __aeabi_ddiv
    rc.o(i.motor_control_3) refers to dadd.o(.text) for __aeabi_dsub
    rc.o(i.motor_control_3) refers to dfixi.o(.text) for __aeabi_d2iz
    rc.o(i.motor_control_3) refers to can1.o(i.CAN_RoboModule_DRV_Velocity_Mode) for CAN_RoboModule_DRV_Velocity_Mode
    rc.o(i.motor_control_3) refers to can1.o(.bss) for Real_Position_Value
    rc.o(i.motor_control_3) refers to rc.o(.bss) for .bss
    rc.o(i.para_init) refers to rc.o(.bss) for .bss
    rc.o(i.para_init) refers to rc.o(.data) for .data
    rc.o(i.robot_control) refers to rc.o(i.motor_control) for motor_control
    rc.o(i.robot_control) refers to rc.o(.data) for .data
    rc.o(i.robot_control) refers to rc.o(.bss) for .bss
    rc.o(i.robot_control_1) refers to rc.o(i.motor_control_2) for motor_control_2
    rc.o(i.robot_control_1) refers to rc.o(.data) for .data
    rc.o(i.robot_control_1) refers to rc.o(.bss) for .bss
    rc.o(i.robot_control_3) refers to rc.o(.data) for .data
    rc.o(i.robot_control_3) refers to rc.o(.bss) for .bss
    rc.o(i.robot_control_3) refers to main.o(.data) for x
    rc.o(i.robot_control_4) refers to rc.o(.data) for .data
    rc.o(i.robot_control_4) refers to rc.o(.bss) for .bss
    rc.o(i.robot_control_4) refers to main.o(.data) for x
    rc.o(i.robot_control_5) refers to rc.o(i.motor_control_3) for motor_control_3
    rc.o(i.robot_control_5) refers to rc.o(.bss) for .bss
    rc.o(i.robot_control_5) refers to main.o(.data) for x
    rc.o(i.robot_control_5) refers to rc.o(.data) for .data
    time.o(i.TIM2_IRQHandler) refers to stm32f4xx_tim.o(i.TIM_GetITStatus) for TIM_GetITStatus
    time.o(i.TIM2_IRQHandler) refers to stm32f4xx_tim.o(i.TIM_ClearITPendingBit) for TIM_ClearITPendingBit
    time.o(i.TIM3_IRQHandler) refers to stm32f4xx_tim.o(i.TIM_GetITStatus) for TIM_GetITStatus
    time.o(i.TIM3_IRQHandler) refers to transfer.o(i.message_transfer) for message_transfer
    time.o(i.TIM3_IRQHandler) refers to stm32f4xx_tim.o(i.TIM_ClearITPendingBit) for TIM_ClearITPendingBit
    time.o(i.TIM3_IRQHandler) refers to time.o(.data) for .data
    time.o(i.TIM3_Int_Init) refers to stm32f4xx_rcc.o(i.RCC_APB1PeriphClockCmd) for RCC_APB1PeriphClockCmd
    time.o(i.TIM3_Int_Init) refers to stm32f4xx_tim.o(i.TIM_TimeBaseInit) for TIM_TimeBaseInit
    time.o(i.TIM3_Int_Init) refers to stm32f4xx_tim.o(i.TIM_ITConfig) for TIM_ITConfig
    time.o(i.TIM3_Int_Init) refers to stm32f4xx_tim.o(i.TIM_Cmd) for TIM_Cmd
    time.o(i.TIM3_Int_Init) refers to misc.o(i.NVIC_Init) for NVIC_Init
    time.o(i.Time_init) refers to stm32f4xx_rcc.o(i.RCC_APB1PeriphClockCmd) for RCC_APB1PeriphClockCmd
    time.o(i.Time_init) refers to stm32f4xx_tim.o(i.TIM_TimeBaseInit) for TIM_TimeBaseInit
    time.o(i.Time_init) refers to stm32f4xx_tim.o(i.TIM_Cmd) for TIM_Cmd
    time.o(i.Time_init) refers to stm32f4xx_tim.o(i.TIM_ITConfig) for TIM_ITConfig
    time.o(i.Time_init) refers to misc.o(i.NVIC_Init) for NVIC_Init
    transfer.o(i.message_merge) refers to can1.o(.bss) for rx_message
    transfer.o(i.message_merge) refers to transfer.o(.data) for .data
    transfer.o(i.message_transfer) refers to stm32f4xx_usart.o(i.USART_SendData) for USART_SendData
    transfer.o(i.message_transfer) refers to stm32f4xx_usart.o(i.USART_GetFlagStatus) for USART_GetFlagStatus
    transfer.o(i.message_transfer) refers to transfer.o(.data) for .data
    entry.o(.ARM.Collect$$$$00000000) refers (Special) to entry10a.o(.ARM.Collect$$$$0000000D) for __rt_final_cpp
    entry.o(.ARM.Collect$$$$00000000) refers (Special) to entry11a.o(.ARM.Collect$$$$0000000F) for __rt_final_exit
    entry.o(.ARM.Collect$$$$00000000) refers (Special) to entry7b.o(.ARM.Collect$$$$00000008) for _main_clock
    entry.o(.ARM.Collect$$$$00000000) refers (Special) to entry8b.o(.ARM.Collect$$$$0000000A) for _main_cpp_init
    entry.o(.ARM.Collect$$$$00000000) refers (Special) to entry9a.o(.ARM.Collect$$$$0000000B) for _main_init
    entry.o(.ARM.Collect$$$$00000000) refers (Special) to entry5.o(.ARM.Collect$$$$00000004) for _main_scatterload
    entry.o(.ARM.Collect$$$$00000000) refers (Special) to entry2.o(.ARM.Collect$$$$00000001) for _main_stk
    dadd.o(.text) refers (Special) to iusefp.o(.text) for __I$use$fp
    dadd.o(.text) refers to llshl.o(.text) for __aeabi_llsl
    dadd.o(.text) refers to llsshr.o(.text) for __aeabi_lasr
    dadd.o(.text) refers to depilogue.o(.text) for _double_epilogue
    ddiv.o(.text) refers (Special) to iusefp.o(.text) for __I$use$fp
    ddiv.o(.text) refers to depilogue.o(.text) for _double_round
    dflti.o(.text) refers (Special) to iusefp.o(.text) for __I$use$fp
    dflti.o(.text) refers to depilogue.o(.text) for _double_epilogue
    dfixi.o(.text) refers (Special) to iusefp.o(.text) for __I$use$fp
    dfixi.o(.text) refers to llushr.o(.text) for __aeabi_llsr
    entry2.o(.ARM.Collect$$$$00000001) refers to entry2.o(.ARM.Collect$$$$00002712) for __lit__00000000
    entry2.o(.ARM.Collect$$$$00002712) refers to startup_stm32f40_41xxx.o(STACK) for __initial_sp
    entry2.o(__vectab_stack_and_reset_area) refers to startup_stm32f40_41xxx.o(STACK) for __initial_sp
    entry2.o(__vectab_stack_and_reset_area) refers to entry.o(.ARM.Collect$$$$00000000) for __main
    entry5.o(.ARM.Collect$$$$00000004) refers to init.o(.text) for __scatterload
    entry9a.o(.ARM.Collect$$$$0000000B) refers to main.o(i.main) for main
    entry9b.o(.ARM.Collect$$$$0000000C) refers to main.o(i.main) for main
    depilogue.o(.text) refers to llshl.o(.text) for __aeabi_llsl
    depilogue.o(.text) refers to llushr.o(.text) for __aeabi_llsr
    init.o(.text) refers to entry5.o(.ARM.Collect$$$$00000004) for __main_after_scatterload


==============================================================================

Removing Unused input sections from the image.

    Removing stm32f4xx_assert.o(.rev16_text), (4 bytes).
    Removing stm32f4xx_assert.o(.revsh_text), (4 bytes).
    Removing stm32f4xx_it.o(.rev16_text), (4 bytes).
    Removing stm32f4xx_it.o(.revsh_text), (4 bytes).
    Removing main.o(.rev16_text), (4 bytes).
    Removing main.o(.revsh_text), (4 bytes).
    Removing nvic.o(.rev16_text), (4 bytes).
    Removing nvic.o(.revsh_text), (4 bytes).
    Removing sci.o(.rev16_text), (4 bytes).
    Removing sci.o(.revsh_text), (4 bytes).
    Removing sci.o(i.UART1GetByte), (36 bytes).
    Removing sci.o(i.UART1Test), (36 bytes).
    Removing sci.o(i.UARTSendByte), (12 bytes).
    Removing sci.o(i.usart_init), (196 bytes).
    Removing sci.o(.bss), (100 bytes).
    Removing sci.o(.data), (1 bytes).
    Removing sci.o(.data), (4 bytes).
    Removing startup_stm32f40_41xxx.o(HEAP), (512 bytes).
    Removing stm32f4xx_crc.o(.rev16_text), (4 bytes).
    Removing stm32f4xx_crc.o(.revsh_text), (4 bytes).
    Removing stm32f4xx_crc.o(i.CRC_CalcBlockCRC), (28 bytes).
    Removing stm32f4xx_crc.o(i.CRC_CalcCRC), (12 bytes).
    Removing stm32f4xx_crc.o(i.CRC_GetCRC), (12 bytes).
    Removing stm32f4xx_crc.o(i.CRC_GetIDRegister), (12 bytes).
    Removing stm32f4xx_crc.o(i.CRC_ResetDR), (12 bytes).
    Removing stm32f4xx_crc.o(i.CRC_SetIDRegister), (12 bytes).
    Removing stm32f4xx_gpio.o(.rev16_text), (4 bytes).
    Removing stm32f4xx_gpio.o(.revsh_text), (4 bytes).
    Removing stm32f4xx_gpio.o(i.GPIO_DeInit), (340 bytes).
    Removing stm32f4xx_gpio.o(i.GPIO_PinLockConfig), (26 bytes).
    Removing stm32f4xx_gpio.o(i.GPIO_ReadInputData), (6 bytes).
    Removing stm32f4xx_gpio.o(i.GPIO_ReadInputDataBit), (14 bytes).
    Removing stm32f4xx_gpio.o(i.GPIO_ReadOutputData), (6 bytes).
    Removing stm32f4xx_gpio.o(i.GPIO_ReadOutputDataBit), (14 bytes).
    Removing stm32f4xx_gpio.o(i.GPIO_ResetBits), (4 bytes).
    Removing stm32f4xx_gpio.o(i.GPIO_SetBits), (4 bytes).
    Removing stm32f4xx_gpio.o(i.GPIO_StructInit), (18 bytes).
    Removing stm32f4xx_gpio.o(i.GPIO_ToggleBits), (8 bytes).
    Removing stm32f4xx_gpio.o(i.GPIO_Write), (4 bytes).
    Removing stm32f4xx_gpio.o(i.GPIO_WriteBit), (12 bytes).
    Removing stm32f4xx_rcc.o(.rev16_text), (4 bytes).
    Removing stm32f4xx_rcc.o(.revsh_text), (4 bytes).
    Removing stm32f4xx_rcc.o(i.RCC_AHB1PeriphClockLPModeCmd), (28 bytes).
    Removing stm32f4xx_rcc.o(i.RCC_AHB1PeriphResetCmd), (28 bytes).
    Removing stm32f4xx_rcc.o(i.RCC_AHB2PeriphClockCmd), (28 bytes).
    Removing stm32f4xx_rcc.o(i.RCC_AHB2PeriphClockLPModeCmd), (28 bytes).
    Removing stm32f4xx_rcc.o(i.RCC_AHB2PeriphResetCmd), (28 bytes).
    Removing stm32f4xx_rcc.o(i.RCC_AHB3PeriphClockCmd), (28 bytes).
    Removing stm32f4xx_rcc.o(i.RCC_AHB3PeriphClockLPModeCmd), (28 bytes).
    Removing stm32f4xx_rcc.o(i.RCC_AHB3PeriphResetCmd), (28 bytes).
    Removing stm32f4xx_rcc.o(i.RCC_APB1PeriphClockLPModeCmd), (28 bytes).
    Removing stm32f4xx_rcc.o(i.RCC_APB2PeriphClockCmd), (28 bytes).
    Removing stm32f4xx_rcc.o(i.RCC_APB2PeriphClockLPModeCmd), (28 bytes).
    Removing stm32f4xx_rcc.o(i.RCC_AdjustHSICalibrationValue), (20 bytes).
    Removing stm32f4xx_rcc.o(i.RCC_BackupResetCmd), (12 bytes).
    Removing stm32f4xx_rcc.o(i.RCC_ClearFlag), (16 bytes).
    Removing stm32f4xx_rcc.o(i.RCC_ClearITPendingBit), (12 bytes).
    Removing stm32f4xx_rcc.o(i.RCC_ClockSecuritySystemCmd), (12 bytes).
    Removing stm32f4xx_rcc.o(i.RCC_DeInit), (84 bytes).
    Removing stm32f4xx_rcc.o(i.RCC_GetFlagStatus), (56 bytes).
    Removing stm32f4xx_rcc.o(i.RCC_GetITStatus), (20 bytes).
    Removing stm32f4xx_rcc.o(i.RCC_GetSYSCLKSource), (16 bytes).
    Removing stm32f4xx_rcc.o(i.RCC_HCLKConfig), (20 bytes).
    Removing stm32f4xx_rcc.o(i.RCC_HSEConfig), (16 bytes).
    Removing stm32f4xx_rcc.o(i.RCC_HSICmd), (12 bytes).
    Removing stm32f4xx_rcc.o(i.RCC_I2SCLKConfig), (12 bytes).
    Removing stm32f4xx_rcc.o(i.RCC_ITConfig), (28 bytes).
    Removing stm32f4xx_rcc.o(i.RCC_LSEConfig), (32 bytes).
    Removing stm32f4xx_rcc.o(i.RCC_LSICmd), (12 bytes).
    Removing stm32f4xx_rcc.o(i.RCC_LTDCCLKDivConfig), (20 bytes).
    Removing stm32f4xx_rcc.o(i.RCC_MCO1Config), (20 bytes).
    Removing stm32f4xx_rcc.o(i.RCC_MCO2Config), (20 bytes).
    Removing stm32f4xx_rcc.o(i.RCC_PCLK1Config), (20 bytes).
    Removing stm32f4xx_rcc.o(i.RCC_PCLK2Config), (20 bytes).
    Removing stm32f4xx_rcc.o(i.RCC_PLLCmd), (12 bytes).
    Removing stm32f4xx_rcc.o(i.RCC_PLLConfig), (36 bytes).
    Removing stm32f4xx_rcc.o(i.RCC_PLLI2SCmd), (12 bytes).
    Removing stm32f4xx_rcc.o(i.RCC_PLLI2SConfig), (16 bytes).
    Removing stm32f4xx_rcc.o(i.RCC_PLLSAICmd), (12 bytes).
    Removing stm32f4xx_rcc.o(i.RCC_PLLSAIConfig), (20 bytes).
    Removing stm32f4xx_rcc.o(i.RCC_RTCCLKCmd), (12 bytes).
    Removing stm32f4xx_rcc.o(i.RCC_RTCCLKConfig), (48 bytes).
    Removing stm32f4xx_rcc.o(i.RCC_SAIBlockACLKConfig), (20 bytes).
    Removing stm32f4xx_rcc.o(i.RCC_SAIBlockBCLKConfig), (20 bytes).
    Removing stm32f4xx_rcc.o(i.RCC_SAIPLLI2SClkDivConfig), (20 bytes).
    Removing stm32f4xx_rcc.o(i.RCC_SAIPLLSAIClkDivConfig), (24 bytes).
    Removing stm32f4xx_rcc.o(i.RCC_SYSCLKConfig), (20 bytes).
    Removing stm32f4xx_rcc.o(i.RCC_TIMCLKPresConfig), (12 bytes).
    Removing stm32f4xx_rcc.o(i.RCC_WaitForHSEStartUp), (48 bytes).
    Removing stm32f4xx_syscfg.o(.rev16_text), (4 bytes).
    Removing stm32f4xx_syscfg.o(.revsh_text), (4 bytes).
    Removing stm32f4xx_syscfg.o(i.SYSCFG_CompensationCellCmd), (12 bytes).
    Removing stm32f4xx_syscfg.o(i.SYSCFG_DeInit), (24 bytes).
    Removing stm32f4xx_syscfg.o(i.SYSCFG_ETH_MediaInterfaceConfig), (12 bytes).
    Removing stm32f4xx_syscfg.o(i.SYSCFG_EXTILineConfig), (44 bytes).
    Removing stm32f4xx_syscfg.o(i.SYSCFG_GetCompensationCellStatus), (20 bytes).
    Removing stm32f4xx_syscfg.o(i.SYSCFG_MemoryRemapConfig), (12 bytes).
    Removing stm32f4xx_syscfg.o(i.SYSCFG_MemorySwappingBank), (12 bytes).
    Removing misc.o(.rev16_text), (4 bytes).
    Removing misc.o(.revsh_text), (4 bytes).
    Removing misc.o(i.NVIC_SystemLPConfig), (28 bytes).
    Removing stm32f4xx_usart.o(.rev16_text), (4 bytes).
    Removing stm32f4xx_usart.o(.revsh_text), (4 bytes).
    Removing stm32f4xx_usart.o(i.USART_DMACmd), (20 bytes).
    Removing stm32f4xx_usart.o(i.USART_HalfDuplexCmd), (24 bytes).
    Removing stm32f4xx_usart.o(i.USART_IrDACmd), (24 bytes).
    Removing stm32f4xx_usart.o(i.USART_IrDAConfig), (16 bytes).
    Removing stm32f4xx_usart.o(i.USART_LINBreakDetectLengthConfig), (16 bytes).
    Removing stm32f4xx_usart.o(i.USART_LINCmd), (24 bytes).
    Removing stm32f4xx_usart.o(i.USART_OneBitMethodCmd), (24 bytes).
    Removing stm32f4xx_usart.o(i.USART_OverSampling8Cmd), (24 bytes).
    Removing stm32f4xx_usart.o(i.USART_ReceiveData), (8 bytes).
    Removing stm32f4xx_usart.o(i.USART_ReceiverWakeUpCmd), (24 bytes).
    Removing stm32f4xx_usart.o(i.USART_SendBreak), (10 bytes).
    Removing stm32f4xx_usart.o(i.USART_SetAddress), (16 bytes).
    Removing stm32f4xx_usart.o(i.USART_SetGuardTime), (16 bytes).
    Removing stm32f4xx_usart.o(i.USART_SetPrescaler), (16 bytes).
    Removing stm32f4xx_usart.o(i.USART_SmartCardCmd), (24 bytes).
    Removing stm32f4xx_usart.o(i.USART_SmartCardNACKCmd), (24 bytes).
    Removing stm32f4xx_usart.o(i.USART_WakeUpConfig), (16 bytes).
    Removing stm32f4xx_can.o(.rev16_text), (4 bytes).
    Removing stm32f4xx_can.o(.revsh_text), (4 bytes).
    Removing stm32f4xx_can.o(i.CAN_CancelTransmit), (42 bytes).
    Removing stm32f4xx_can.o(i.CAN_ClearFlag), (48 bytes).
    Removing stm32f4xx_can.o(i.CAN_DBGFreeze), (24 bytes).
    Removing stm32f4xx_can.o(i.CAN_FIFORelease), (24 bytes).
    Removing stm32f4xx_can.o(i.CAN_GetFlagStatus), (82 bytes).
    Removing stm32f4xx_can.o(i.CAN_GetLSBTransmitErrorCounter), (8 bytes).
    Removing stm32f4xx_can.o(i.CAN_GetLastErrorCode), (10 bytes).
    Removing stm32f4xx_can.o(i.CAN_GetReceiveErrorCounter), (6 bytes).
    Removing stm32f4xx_can.o(i.CAN_MessagePending), (28 bytes).
    Removing stm32f4xx_can.o(i.CAN_OperatingModeRequest), (154 bytes).
    Removing stm32f4xx_can.o(i.CAN_SlaveStartBank), (44 bytes).
    Removing stm32f4xx_can.o(i.CAN_Sleep), (30 bytes).
    Removing stm32f4xx_can.o(i.CAN_TTComModeCmd), (96 bytes).
    Removing stm32f4xx_can.o(i.CAN_TransmitStatus), (136 bytes).
    Removing stm32f4xx_can.o(i.CAN_WakeUp), (40 bytes).
    Removing stm32f4xx_tim.o(.rev16_text), (4 bytes).
    Removing stm32f4xx_tim.o(.revsh_text), (4 bytes).
    Removing stm32f4xx_tim.o(i.TI1_Config), (46 bytes).
    Removing stm32f4xx_tim.o(i.TI2_Config), (54 bytes).
    Removing stm32f4xx_tim.o(i.TI3_Config), (50 bytes).
    Removing stm32f4xx_tim.o(i.TI4_Config), (54 bytes).
    Removing stm32f4xx_tim.o(i.TIM_ARRPreloadConfig), (24 bytes).
    Removing stm32f4xx_tim.o(i.TIM_BDTRConfig), (34 bytes).
    Removing stm32f4xx_tim.o(i.TIM_BDTRStructInit), (18 bytes).
    Removing stm32f4xx_tim.o(i.TIM_CCPreloadControl), (24 bytes).
    Removing stm32f4xx_tim.o(i.TIM_CCxCmd), (22 bytes).
    Removing stm32f4xx_tim.o(i.TIM_CCxNCmd), (22 bytes).
    Removing stm32f4xx_tim.o(i.TIM_ClearFlag), (6 bytes).
    Removing stm32f4xx_tim.o(i.TIM_ClearOC1Ref), (12 bytes).
    Removing stm32f4xx_tim.o(i.TIM_ClearOC2Ref), (20 bytes).
    Removing stm32f4xx_tim.o(i.TIM_ClearOC3Ref), (12 bytes).
    Removing stm32f4xx_tim.o(i.TIM_ClearOC4Ref), (20 bytes).
    Removing stm32f4xx_tim.o(i.TIM_CounterModeConfig), (12 bytes).
    Removing stm32f4xx_tim.o(i.TIM_CtrlPWMOutputs), (28 bytes).
    Removing stm32f4xx_tim.o(i.TIM_DMACmd), (20 bytes).
    Removing stm32f4xx_tim.o(i.TIM_DMAConfig), (8 bytes).
    Removing stm32f4xx_tim.o(i.TIM_DeInit), (428 bytes).
    Removing stm32f4xx_tim.o(i.TIM_ETRClockMode1Config), (32 bytes).
    Removing stm32f4xx_tim.o(i.TIM_ETRClockMode2Config), (20 bytes).
    Removing stm32f4xx_tim.o(i.TIM_ETRConfig), (24 bytes).
    Removing stm32f4xx_tim.o(i.TIM_EncoderInterfaceConfig), (50 bytes).
    Removing stm32f4xx_tim.o(i.TIM_ForcedOC1Config), (12 bytes).
    Removing stm32f4xx_tim.o(i.TIM_ForcedOC2Config), (20 bytes).
    Removing stm32f4xx_tim.o(i.TIM_ForcedOC3Config), (12 bytes).
    Removing stm32f4xx_tim.o(i.TIM_ForcedOC4Config), (20 bytes).
    Removing stm32f4xx_tim.o(i.TIM_GenerateEvent), (4 bytes).
    Removing stm32f4xx_tim.o(i.TIM_GetCapture1), (4 bytes).
    Removing stm32f4xx_tim.o(i.TIM_GetCapture2), (4 bytes).
    Removing stm32f4xx_tim.o(i.TIM_GetCapture3), (4 bytes).
    Removing stm32f4xx_tim.o(i.TIM_GetCapture4), (4 bytes).
    Removing stm32f4xx_tim.o(i.TIM_GetCounter), (4 bytes).
    Removing stm32f4xx_tim.o(i.TIM_GetFlagStatus), (14 bytes).
    Removing stm32f4xx_tim.o(i.TIM_GetPrescaler), (4 bytes).
    Removing stm32f4xx_tim.o(i.TIM_ICInit), (98 bytes).
    Removing stm32f4xx_tim.o(i.TIM_ICStructInit), (16 bytes).
    Removing stm32f4xx_tim.o(i.TIM_ITRxExternalClockConfig), (20 bytes).
    Removing stm32f4xx_tim.o(i.TIM_InternalClockConfig), (10 bytes).
    Removing stm32f4xx_tim.o(i.TIM_OC1FastConfig), (12 bytes).
    Removing stm32f4xx_tim.o(i.TIM_OC1Init), (104 bytes).
    Removing stm32f4xx_tim.o(i.TIM_OC1NPolarityConfig), (12 bytes).
    Removing stm32f4xx_tim.o(i.TIM_OC1PolarityConfig), (12 bytes).
    Removing stm32f4xx_tim.o(i.TIM_OC1PreloadConfig), (12 bytes).
    Removing stm32f4xx_tim.o(i.TIM_OC2FastConfig), (20 bytes).
    Removing stm32f4xx_tim.o(i.TIM_OC2Init), (136 bytes).
    Removing stm32f4xx_tim.o(i.TIM_OC2NPolarityConfig), (20 bytes).
    Removing stm32f4xx_tim.o(i.TIM_OC2PolarityConfig), (20 bytes).
    Removing stm32f4xx_tim.o(i.TIM_OC2PreloadConfig), (20 bytes).
    Removing stm32f4xx_tim.o(i.TIM_OC3FastConfig), (12 bytes).
    Removing stm32f4xx_tim.o(i.TIM_OC3Init), (132 bytes).
    Removing stm32f4xx_tim.o(i.TIM_OC3NPolarityConfig), (20 bytes).
    Removing stm32f4xx_tim.o(i.TIM_OC3PolarityConfig), (20 bytes).
    Removing stm32f4xx_tim.o(i.TIM_OC3PreloadConfig), (12 bytes).
    Removing stm32f4xx_tim.o(i.TIM_OC4FastConfig), (20 bytes).
    Removing stm32f4xx_tim.o(i.TIM_OC4Init), (100 bytes).
    Removing stm32f4xx_tim.o(i.TIM_OC4PolarityConfig), (20 bytes).
    Removing stm32f4xx_tim.o(i.TIM_OC4PreloadConfig), (20 bytes).
    Removing stm32f4xx_tim.o(i.TIM_OCStructInit), (20 bytes).
    Removing stm32f4xx_tim.o(i.TIM_PWMIConfig), (110 bytes).
    Removing stm32f4xx_tim.o(i.TIM_PrescalerConfig), (6 bytes).
    Removing stm32f4xx_tim.o(i.TIM_RemapConfig), (6 bytes).
    Removing stm32f4xx_tim.o(i.TIM_SelectCCDMA), (24 bytes).
    Removing stm32f4xx_tim.o(i.TIM_SelectCOM), (24 bytes).
    Removing stm32f4xx_tim.o(i.TIM_SelectHallSensor), (24 bytes).
    Removing stm32f4xx_tim.o(i.TIM_SelectInputTrigger), (12 bytes).
    Removing stm32f4xx_tim.o(i.TIM_SelectMasterSlaveMode), (16 bytes).
    Removing stm32f4xx_tim.o(i.TIM_SelectOCxM), (80 bytes).
    Removing stm32f4xx_tim.o(i.TIM_SelectOnePulseMode), (16 bytes).
    Removing stm32f4xx_tim.o(i.TIM_SelectOutputTrigger), (16 bytes).
    Removing stm32f4xx_tim.o(i.TIM_SelectSlaveMode), (16 bytes).
    Removing stm32f4xx_tim.o(i.TIM_SetAutoreload), (4 bytes).
    Removing stm32f4xx_tim.o(i.TIM_SetClockDivision), (16 bytes).
    Removing stm32f4xx_tim.o(i.TIM_SetCompare1), (4 bytes).
    Removing stm32f4xx_tim.o(i.TIM_SetCompare2), (4 bytes).
    Removing stm32f4xx_tim.o(i.TIM_SetCompare3), (4 bytes).
    Removing stm32f4xx_tim.o(i.TIM_SetCompare4), (4 bytes).
    Removing stm32f4xx_tim.o(i.TIM_SetCounter), (4 bytes).
    Removing stm32f4xx_tim.o(i.TIM_SetIC1Prescaler), (16 bytes).
    Removing stm32f4xx_tim.o(i.TIM_SetIC2Prescaler), (24 bytes).
    Removing stm32f4xx_tim.o(i.TIM_SetIC3Prescaler), (16 bytes).
    Removing stm32f4xx_tim.o(i.TIM_SetIC4Prescaler), (24 bytes).
    Removing stm32f4xx_tim.o(i.TIM_TIxExternalClockConfig), (48 bytes).
    Removing stm32f4xx_tim.o(i.TIM_TimeBaseStructInit), (18 bytes).
    Removing stm32f4xx_tim.o(i.TIM_UpdateDisableConfig), (24 bytes).
    Removing stm32f4xx_tim.o(i.TIM_UpdateRequestConfig), (24 bytes).
    Removing system_stm32f4xx.o(.rev16_text), (4 bytes).
    Removing system_stm32f4xx.o(.revsh_text), (4 bytes).
    Removing system_stm32f4xx.o(i.SystemCoreClockUpdate), (136 bytes).
    Removing system_stm32f4xx.o(.data), (20 bytes).
    Removing delay.o(.rev16_text), (4 bytes).
    Removing delay.o(.revsh_text), (4 bytes).
    Removing sys.o(.rev16_text), (4 bytes).
    Removing sys.o(.revsh_text), (4 bytes).
    Removing sys.o(.emb_text), (16 bytes).
    Removing can1.o(.rev16_text), (4 bytes).
    Removing can1.o(.revsh_text), (4 bytes).
    Removing can1.o(i.CAN_RoboModule_DRV_Current_Mode), (160 bytes).
    Removing can1.o(i.CAN_RoboModule_DRV_Current_Position_Mode), (140 bytes).
    Removing can1.o(i.CAN_RoboModule_DRV_Current_Velocity_Mode), (136 bytes).
    Removing can1.o(i.CAN_RoboModule_DRV_Current_Velocity_Position_Mode), (152 bytes).
    Removing can1.o(i.CAN_RoboModule_DRV_Online_Check), (124 bytes).
    Removing can1.o(i.CAN_RoboModule_DRV_OpenLoop_Mode), (152 bytes).
    Removing can1.o(i.CAN_RoboModule_DRV_Position_Mode), (164 bytes).
    Removing can1.o(i.CAN_RoboModule_DRV_Velocity_Position_Mode), (176 bytes).
    Removing can1.o(.data), (1 bytes).
    Removing kulun.o(.rev16_text), (4 bytes).
    Removing kulun.o(.revsh_text), (4 bytes).
    Removing kulun.o(i.kunlun_receive_function), (2 bytes).
    Removing kulun.o(i.kunlun_send_function), (80 bytes).
    Removing kulun.o(.bss), (76 bytes).
    Removing kulun.o(.data), (8 bytes).
    Removing kulun.o(.data), (1 bytes).
    Removing myiic.o(.rev16_text), (4 bytes).
    Removing myiic.o(.revsh_text), (4 bytes).
    Removing myiic.o(i.CharToShort), (12 bytes).
    Removing myiic.o(i.GY_901_Get), (372 bytes).
    Removing myiic.o(i.GY_901_Set_Offset), (216 bytes).
    Removing myiic.o(i.IIC_Ack), (40 bytes).
    Removing myiic.o(i.IIC_NAck), (40 bytes).
    Removing myiic.o(i.IIC_Read_Byte), (92 bytes).
    Removing myiic.o(i.IIC_Send_Byte), (76 bytes).
    Removing myiic.o(i.IIC_Start), (40 bytes).
    Removing myiic.o(i.IIC_Stop), (40 bytes).
    Removing myiic.o(i.IIC_Wait_Ack), (68 bytes).
    Removing myiic.o(i.IICreadBytes), (104 bytes).
    Removing myiic.o(i.IICwriteBytes), (70 bytes).
    Removing myiic.o(i.SDA_IN), (44 bytes).
    Removing myiic.o(i.SDA_OUT), (52 bytes).
    Removing myiic.o(i.ShortToChar), (8 bytes).
    Removing myiic.o(.bss), (104 bytes).
    Removing myiic.o(.bss), (100 bytes).
    Removing myiic.o(.bss), (30 bytes).
    Removing myiic.o(.bss), (12 bytes).
    Removing myiic.o(.data), (2 bytes).
    Removing myiic.o(.data), (2 bytes).
    Removing myiic.o(.data), (10 bytes).
    Removing myiic.o(.data), (5 bytes).
    Removing myiic.o(.data), (5 bytes).
    Removing myiic.o(.data), (1 bytes).
    Removing pstwo.o(.rev16_text), (4 bytes).
    Removing pstwo.o(.revsh_text), (4 bytes).
    Removing pstwo.o(i.PS2_AnologData), (12 bytes).
    Removing pstwo.o(.data), (2 bytes).
    Removing rc.o(.rev16_text), (4 bytes).
    Removing rc.o(.revsh_text), (4 bytes).
    Removing rc.o(i.motor_control_2), (156 bytes).
    Removing rc.o(i.robot_control), (316 bytes).
    Removing rc.o(i.robot_control_1), (316 bytes).
    Removing rc.o(i.robot_control_3), (304 bytes).
    Removing rc.o(i.robot_control_4), (468 bytes).
    Removing rc.o(i.robot_control_6), (2 bytes).
    Removing rc.o(.data), (4 bytes).
    Removing time.o(.rev16_text), (4 bytes).
    Removing time.o(.revsh_text), (4 bytes).
    Removing time.o(i.Time_init), (92 bytes).
    Removing time.o(i.test), (2 bytes).
    Removing time.o(.data), (4 bytes).
    Removing transfer.o(.rev16_text), (4 bytes).
    Removing transfer.o(.revsh_text), (4 bytes).
    Removing transfer.o(.data), (4 bytes).
    Removing pbdata.o(.rev16_text), (4 bytes).
    Removing pbdata.o(.revsh_text), (4 bytes).

303 unused section(s) (total 11404 bytes) removed from the image.

==============================================================================

Image Symbol Table

    Local Symbols

    Symbol Name                              Value     Ov Type        Size  Object(Section)

    ../clib/microlib/init/entry.s            0x00000000   Number         0  entry5.o ABSOLUTE
    ../clib/microlib/init/entry.s            0x00000000   Number         0  entry10a.o ABSOLUTE
    ../clib/microlib/init/entry.s            0x00000000   Number         0  entry9b.o ABSOLUTE
    ../clib/microlib/init/entry.s            0x00000000   Number         0  entry9a.o ABSOLUTE
    ../clib/microlib/init/entry.s            0x00000000   Number         0  entry8b.o ABSOLUTE
    ../clib/microlib/init/entry.s            0x00000000   Number         0  entry8a.o ABSOLUTE
    ../clib/microlib/init/entry.s            0x00000000   Number         0  entry7b.o ABSOLUTE
    ../clib/microlib/init/entry.s            0x00000000   Number         0  entry7a.o ABSOLUTE
    ../clib/microlib/init/entry.s            0x00000000   Number         0  entry.o ABSOLUTE
    ../clib/microlib/init/entry.s            0x00000000   Number         0  entry2.o ABSOLUTE
    ../clib/microlib/init/entry.s            0x00000000   Number         0  entry11b.o ABSOLUTE
    ../clib/microlib/init/entry.s            0x00000000   Number         0  entry10b.o ABSOLUTE
    ../clib/microlib/init/entry.s            0x00000000   Number         0  entry11a.o ABSOLUTE
    ../clib/microlib/longlong.c              0x00000000   Number         0  llsshr.o ABSOLUTE
    ../clib/microlib/longlong.c              0x00000000   Number         0  llushr.o ABSOLUTE
    ../clib/microlib/longlong.c              0x00000000   Number         0  llshl.o ABSOLUTE
    ../clib/microlib/stubs.s                 0x00000000   Number         0  iusefp.o ABSOLUTE
    ../fplib/microlib/fpadd.c                0x00000000   Number         0  dadd.o ABSOLUTE
    ../fplib/microlib/fpdiv.c                0x00000000   Number         0  ddiv.o ABSOLUTE
    ../fplib/microlib/fpepilogue.c           0x00000000   Number         0  depilogue.o ABSOLUTE
    ../fplib/microlib/fpfix.c                0x00000000   Number         0  dfixi.o ABSOLUTE
    ../fplib/microlib/fpflt.c                0x00000000   Number         0  dflti.o ABSOLUTE
    ..\Libraries\CMSIS\Device\ST\STM32F4xx\Source\Templates\arm\startup_stm32f40_41xxx.s 0x00000000   Number         0  startup_stm32f40_41xxx.o ABSOLUTE
    ..\Libraries\STM32F4xx_StdPeriph_Driver\src\misc.c 0x00000000   Number         0  misc.o ABSOLUTE
    ..\Libraries\STM32F4xx_StdPeriph_Driver\src\stm32f4xx_can.c 0x00000000   Number         0  stm32f4xx_can.o ABSOLUTE
    ..\Libraries\STM32F4xx_StdPeriph_Driver\src\stm32f4xx_crc.c 0x00000000   Number         0  stm32f4xx_crc.o ABSOLUTE
    ..\Libraries\STM32F4xx_StdPeriph_Driver\src\stm32f4xx_gpio.c 0x00000000   Number         0  stm32f4xx_gpio.o ABSOLUTE
    ..\Libraries\STM32F4xx_StdPeriph_Driver\src\stm32f4xx_rcc.c 0x00000000   Number         0  stm32f4xx_rcc.o ABSOLUTE
    ..\Libraries\STM32F4xx_StdPeriph_Driver\src\stm32f4xx_syscfg.c 0x00000000   Number         0  stm32f4xx_syscfg.o ABSOLUTE
    ..\Libraries\STM32F4xx_StdPeriph_Driver\src\stm32f4xx_tim.c 0x00000000   Number         0  stm32f4xx_tim.o ABSOLUTE
    ..\Libraries\STM32F4xx_StdPeriph_Driver\src\stm32f4xx_usart.c 0x00000000   Number         0  stm32f4xx_usart.o ABSOLUTE
    ..\MYLIB\RC.c                            0x00000000   Number         0  rc.o ABSOLUTE
    ..\MYLIB\Transfer.c                      0x00000000   Number         0  transfer.o ABSOLUTE
    ..\MYLIB\can1.c                          0x00000000   Number         0  can1.o ABSOLUTE
    ..\MYLIB\kulun.c                         0x00000000   Number         0  kulun.o ABSOLUTE
    ..\MYLIB\myiic.c                         0x00000000   Number         0  myiic.o ABSOLUTE
    ..\MYLIB\pbdata.c                        0x00000000   Number         0  pbdata.o ABSOLUTE
    ..\MYLIB\pstwo.c                         0x00000000   Number         0  pstwo.o ABSOLUTE
    ..\MYLIB\time.c                          0x00000000   Number         0  time.o ABSOLUTE
    ..\SYSTEM\delay\delay.c                  0x00000000   Number         0  delay.o ABSOLUTE
    ..\SYSTEM\sys\sys.c                      0x00000000   Number         0  sys.o ABSOLUTE
    ..\User\NVIC.C                           0x00000000   Number         0  nvic.o ABSOLUTE
    ..\User\SCI.c                            0x00000000   Number         0  sci.o ABSOLUTE
    ..\User\main.c                           0x00000000   Number         0  main.o ABSOLUTE
    ..\User\stm32f4xx_assert.c               0x00000000   Number         0  stm32f4xx_assert.o ABSOLUTE
    ..\User\stm32f4xx_it.c                   0x00000000   Number         0  stm32f4xx_it.o ABSOLUTE
    ..\User\system_stm32f4xx.c               0x00000000   Number         0  system_stm32f4xx.o ABSOLUTE
    ..\\Libraries\\STM32F4xx_StdPeriph_Driver\\src\\misc.c 0x00000000   Number         0  misc.o ABSOLUTE
    ..\\Libraries\\STM32F4xx_StdPeriph_Driver\\src\\stm32f4xx_can.c 0x00000000   Number         0  stm32f4xx_can.o ABSOLUTE
    ..\\Libraries\\STM32F4xx_StdPeriph_Driver\\src\\stm32f4xx_crc.c 0x00000000   Number         0  stm32f4xx_crc.o ABSOLUTE
    ..\\Libraries\\STM32F4xx_StdPeriph_Driver\\src\\stm32f4xx_gpio.c 0x00000000   Number         0  stm32f4xx_gpio.o ABSOLUTE
    ..\\Libraries\\STM32F4xx_StdPeriph_Driver\\src\\stm32f4xx_rcc.c 0x00000000   Number         0  stm32f4xx_rcc.o ABSOLUTE
    ..\\Libraries\\STM32F4xx_StdPeriph_Driver\\src\\stm32f4xx_syscfg.c 0x00000000   Number         0  stm32f4xx_syscfg.o ABSOLUTE
    ..\\Libraries\\STM32F4xx_StdPeriph_Driver\\src\\stm32f4xx_tim.c 0x00000000   Number         0  stm32f4xx_tim.o ABSOLUTE
    ..\\Libraries\\STM32F4xx_StdPeriph_Driver\\src\\stm32f4xx_usart.c 0x00000000   Number         0  stm32f4xx_usart.o ABSOLUTE
    ..\\MYLIB\\RC.c                          0x00000000   Number         0  rc.o ABSOLUTE
    ..\\MYLIB\\Transfer.c                    0x00000000   Number         0  transfer.o ABSOLUTE
    ..\\MYLIB\\can1.c                        0x00000000   Number         0  can1.o ABSOLUTE
    ..\\MYLIB\\kulun.c                       0x00000000   Number         0  kulun.o ABSOLUTE
    ..\\MYLIB\\myiic.c                       0x00000000   Number         0  myiic.o ABSOLUTE
    ..\\MYLIB\\pbdata.c                      0x00000000   Number         0  pbdata.o ABSOLUTE
    ..\\MYLIB\\pstwo.c                       0x00000000   Number         0  pstwo.o ABSOLUTE
    ..\\MYLIB\\time.c                        0x00000000   Number         0  time.o ABSOLUTE
    ..\\SYSTEM\\delay\\delay.c               0x00000000   Number         0  delay.o ABSOLUTE
    ..\\SYSTEM\\sys\\sys.c                   0x00000000   Number         0  sys.o ABSOLUTE
    ..\\User\\NVIC.C                         0x00000000   Number         0  nvic.o ABSOLUTE
    ..\\User\\SCI.c                          0x00000000   Number         0  sci.o ABSOLUTE
    ..\\User\\main.c                         0x00000000   Number         0  main.o ABSOLUTE
    ..\\User\\stm32f4xx_assert.c             0x00000000   Number         0  stm32f4xx_assert.o ABSOLUTE
    ..\\User\\stm32f4xx_it.c                 0x00000000   Number         0  stm32f4xx_it.o ABSOLUTE
    ..\\User\\system_stm32f4xx.c             0x00000000   Number         0  system_stm32f4xx.o ABSOLUTE
    dc.s                                     0x00000000   Number         0  dc.o ABSOLUTE
    handlers.s                               0x00000000   Number         0  handlers.o ABSOLUTE
    init.s                                   0x00000000   Number         0  init.o ABSOLUTE
    RESET                                    0x08000000   Section      392  startup_stm32f40_41xxx.o(RESET)
    .ARM.Collect$$$$00000000                 0x08000188   Section        0  entry.o(.ARM.Collect$$$$00000000)
    .ARM.Collect$$$$00000001                 0x08000188   Section        4  entry2.o(.ARM.Collect$$$$00000001)
    .ARM.Collect$$$$00000004                 0x0800018c   Section        4  entry5.o(.ARM.Collect$$$$00000004)
    .ARM.Collect$$$$00000008                 0x08000190   Section        0  entry7b.o(.ARM.Collect$$$$00000008)
    .ARM.Collect$$$$0000000A                 0x08000190   Section        0  entry8b.o(.ARM.Collect$$$$0000000A)
    .ARM.Collect$$$$0000000B                 0x08000190   Section        8  entry9a.o(.ARM.Collect$$$$0000000B)
    .ARM.Collect$$$$0000000D                 0x08000198   Section        0  entry10a.o(.ARM.Collect$$$$0000000D)
    .ARM.Collect$$$$0000000F                 0x08000198   Section        0  entry11a.o(.ARM.Collect$$$$0000000F)
    .ARM.Collect$$$$00002712                 0x08000198   Section        4  entry2.o(.ARM.Collect$$$$00002712)
    __lit__00000000                          0x08000198   Data           4  entry2.o(.ARM.Collect$$$$00002712)
    .text                                    0x0800019c   Section       36  startup_stm32f40_41xxx.o(.text)
    $v0                                      0x0800019c   Number         0  startup_stm32f40_41xxx.o(.text)
    .text                                    0x080001c0   Section        0  dadd.o(.text)
    .text                                    0x0800030e   Section        0  ddiv.o(.text)
    .text                                    0x080003ec   Section        0  dflti.o(.text)
    .text                                    0x0800040e   Section        0  dfixi.o(.text)
    .text                                    0x0800044c   Section        0  llshl.o(.text)
    .text                                    0x0800046a   Section        0  llushr.o(.text)
    .text                                    0x0800048a   Section        0  llsshr.o(.text)
    .text                                    0x080004ae   Section        0  depilogue.o(.text)
    .text                                    0x080004ae   Section        0  iusefp.o(.text)
    .text                                    0x08000564   Section       36  init.o(.text)
    i.BusFault_Handler                       0x08000588   Section        0  stm32f4xx_it.o(i.BusFault_Handler)
    i.CAN1_Configuration                     0x0800058c   Section        0  can1.o(i.CAN1_Configuration)
    i.CAN1_RX0_IRQHandler                    0x0800068c   Section        0  can1.o(i.CAN1_RX0_IRQHandler)
    i.CAN1_TX_IRQHandler                     0x08000878   Section        0  can1.o(i.CAN1_TX_IRQHandler)
    i.CAN_ClearITPendingBit                  0x080008a0   Section        0  stm32f4xx_can.o(i.CAN_ClearITPendingBit)
    i.CAN_DeInit                             0x08000928   Section        0  stm32f4xx_can.o(i.CAN_DeInit)
    i.CAN_Delay_Us                           0x08000960   Section        0  can1.o(i.CAN_Delay_Us)
    CAN_Delay_Us                             0x08000961   Thumb Code    20  can1.o(i.CAN_Delay_Us)
    i.CAN_FilterInit                         0x08000974   Section        0  stm32f4xx_can.o(i.CAN_FilterInit)
    i.CAN_GetITStatus                        0x08000a48   Section        0  stm32f4xx_can.o(i.CAN_GetITStatus)
    i.CAN_ITConfig                           0x08000b14   Section        0  stm32f4xx_can.o(i.CAN_ITConfig)
    i.CAN_Init                               0x08000b28   Section        0  stm32f4xx_can.o(i.CAN_Init)
    i.CAN_Receive                            0x08000c2c   Section        0  stm32f4xx_can.o(i.CAN_Receive)
    i.CAN_RoboModule_DRV_Config              0x08000cb0   Section        0  can1.o(i.CAN_RoboModule_DRV_Config)
    i.CAN_RoboModule_DRV_Mode_Choice         0x08000d2c   Section        0  can1.o(i.CAN_RoboModule_DRV_Mode_Choice)
    i.CAN_RoboModule_DRV_Reset               0x08000da8   Section        0  can1.o(i.CAN_RoboModule_DRV_Reset)
    i.CAN_RoboModule_DRV_Velocity_Mode       0x08000e24   Section        0  can1.o(i.CAN_RoboModule_DRV_Velocity_Mode)
    i.CAN_StructInit                         0x08000ec4   Section        0  stm32f4xx_can.o(i.CAN_StructInit)
    i.CAN_Transmit                           0x08000ee4   Section        0  stm32f4xx_can.o(i.CAN_Transmit)
    i.CheckITStatus                          0x08000f9a   Section        0  stm32f4xx_can.o(i.CheckITStatus)
    CheckITStatus                            0x08000f9b   Thumb Code    12  stm32f4xx_can.o(i.CheckITStatus)
    i.DebugMon_Handler                       0x08000fa6   Section        0  stm32f4xx_it.o(i.DebugMon_Handler)
    i.GPIO_Init                              0x08000fa8   Section        0  stm32f4xx_gpio.o(i.GPIO_Init)
    i.GPIO_PinAFConfig                       0x08001024   Section        0  stm32f4xx_gpio.o(i.GPIO_PinAFConfig)
    i.Half_step                              0x08001044   Section        0  rc.o(i.Half_step)
    i.HardFault_Handler                      0x08001188   Section        0  stm32f4xx_it.o(i.HardFault_Handler)
    i.IIC_Init                               0x0800118c   Section        0  myiic.o(i.IIC_Init)
    i.KEY_SWITCH                             0x080011c8   Section        0  rc.o(i.KEY_SWITCH)
    i.MemManage_Handler                      0x08001274   Section        0  stm32f4xx_it.o(i.MemManage_Handler)
    i.NMI_Handler                            0x08001276   Section        0  stm32f4xx_it.o(i.NMI_Handler)
    i.NVIC_Configuration                     0x08001278   Section        0  nvic.o(i.NVIC_Configuration)
    i.NVIC_Init                              0x080012ac   Section        0  misc.o(i.NVIC_Init)
    i.NVIC_PriorityGroupConfig               0x08001314   Section        0  misc.o(i.NVIC_PriorityGroupConfig)
    i.NVIC_SetVectorTable                    0x08001328   Section        0  misc.o(i.NVIC_SetVectorTable)
    i.PS2_ClearData                          0x0800133c   Section        0  pstwo.o(i.PS2_ClearData)
    i.PS2_DataKey                            0x08001354   Section        0  pstwo.o(i.PS2_DataKey)
    i.PS2_Init                               0x080013c4   Section        0  pstwo.o(i.PS2_Init)
    i.PS2_ReadData                           0x0800141c   Section        0  pstwo.o(i.PS2_ReadData)
    i.PendSV_Handler                         0x08001488   Section        0  stm32f4xx_it.o(i.PendSV_Handler)
    i.RCC_AHB1PeriphClockCmd                 0x0800148c   Section        0  stm32f4xx_rcc.o(i.RCC_AHB1PeriphClockCmd)
    i.RCC_APB1PeriphClockCmd                 0x080014a8   Section        0  stm32f4xx_rcc.o(i.RCC_APB1PeriphClockCmd)
    i.RCC_APB1PeriphResetCmd                 0x080014c4   Section        0  stm32f4xx_rcc.o(i.RCC_APB1PeriphResetCmd)
    i.RCC_APB2PeriphResetCmd                 0x080014e0   Section        0  stm32f4xx_rcc.o(i.RCC_APB2PeriphResetCmd)
    i.RCC_GetClocksFreq                      0x080014fc   Section        0  stm32f4xx_rcc.o(i.RCC_GetClocksFreq)
    i.Robot_init                             0x080015a0   Section        0  rc.o(i.Robot_init)
    i.SVC_Handler                            0x080015dc   Section        0  stm32f4xx_it.o(i.SVC_Handler)
    i.SetSysClock                            0x080015e0   Section        0  system_stm32f4xx.o(i.SetSysClock)
    SetSysClock                              0x080015e1   Thumb Code   168  system_stm32f4xx.o(i.SetSysClock)
    i.Stand                                  0x08001698   Section        0  rc.o(i.Stand)
    i.SysTick_CLKSourceConfig                0x08001750   Section        0  misc.o(i.SysTick_CLKSourceConfig)
    i.SystemInit                             0x0800176c   Section        0  system_stm32f4xx.o(i.SystemInit)
    i.TIM2_IRQHandler                        0x080017c8   Section        0  time.o(i.TIM2_IRQHandler)
    i.TIM3_IRQHandler                        0x080017e0   Section        0  time.o(i.TIM3_IRQHandler)
    i.TIM3_Int_Init                          0x08001818   Section        0  time.o(i.TIM3_Int_Init)
    i.TIM_ClearITPendingBit                  0x08001874   Section        0  stm32f4xx_tim.o(i.TIM_ClearITPendingBit)
    i.TIM_Cmd                                0x0800187a   Section        0  stm32f4xx_tim.o(i.TIM_Cmd)
    i.TIM_GetITStatus                        0x08001892   Section        0  stm32f4xx_tim.o(i.TIM_GetITStatus)
    i.TIM_ITConfig                           0x080018aa   Section        0  stm32f4xx_tim.o(i.TIM_ITConfig)
    i.TIM_TimeBaseInit                       0x080018c0   Section        0  stm32f4xx_tim.o(i.TIM_TimeBaseInit)
    i.USART3_IRQHandler                      0x0800193c   Section        0  sci.o(i.USART3_IRQHandler)
    i.USART_ClearFlag                        0x08001994   Section        0  stm32f4xx_usart.o(i.USART_ClearFlag)
    i.USART_ClearITPendingBit                0x0800199c   Section        0  stm32f4xx_usart.o(i.USART_ClearITPendingBit)
    i.USART_ClockInit                        0x080019ac   Section        0  stm32f4xx_usart.o(i.USART_ClockInit)
    i.USART_ClockStructInit                  0x080019c8   Section        0  stm32f4xx_usart.o(i.USART_ClockStructInit)
    i.USART_Cmd                              0x080019d4   Section        0  stm32f4xx_usart.o(i.USART_Cmd)
    i.USART_Configuration                    0x080019ec   Section        0  sci.o(i.USART_Configuration)
    i.USART_DeInit                           0x08001ab8   Section        0  stm32f4xx_usart.o(i.USART_DeInit)
    i.USART_GetFlagStatus                    0x08001bb8   Section        0  stm32f4xx_usart.o(i.USART_GetFlagStatus)
    i.USART_GetITStatus                      0x08001bc6   Section        0  stm32f4xx_usart.o(i.USART_GetITStatus)
    i.USART_ITConfig                         0x08001c06   Section        0  stm32f4xx_usart.o(i.USART_ITConfig)
    i.USART_Init                             0x08001c3c   Section        0  stm32f4xx_usart.o(i.USART_Init)
    i.USART_SendData                         0x08001cf8   Section        0  stm32f4xx_usart.o(i.USART_SendData)
    i.USART_StructInit                       0x08001d00   Section        0  stm32f4xx_usart.o(i.USART_StructInit)
    i.UsageFault_Handler                     0x08001d16   Section        0  stm32f4xx_it.o(i.UsageFault_Handler)
    i.__scatterload_copy                     0x08001d18   Section       14  handlers.o(i.__scatterload_copy)
    i.__scatterload_null                     0x08001d26   Section        2  handlers.o(i.__scatterload_null)
    i.__scatterload_zeroinit                 0x08001d28   Section       14  handlers.o(i.__scatterload_zeroinit)
    i.delay_init                             0x08001d38   Section        0  delay.o(i.delay_init)
    i.delay_ms                               0x08001d64   Section        0  delay.o(i.delay_ms)
    i.delay_us                               0x08001d98   Section        0  delay.o(i.delay_us)
    i.delay_xms                              0x08001dcc   Section        0  delay.o(i.delay_xms)
    i.key_get                                0x08001e00   Section        0  pstwo.o(i.key_get)
    i.main                                   0x08001e20   Section        0  main.o(i.main)
    i.message_merge                          0x08001f2c   Section        0  transfer.o(i.message_merge)
    i.message_transfer                       0x08001f90   Section        0  transfer.o(i.message_transfer)
    i.motor_control                          0x08001fbc   Section        0  rc.o(i.motor_control)
    i.motor_control_3                        0x08002064   Section        0  rc.o(i.motor_control_3)
    i.para_init                              0x08002108   Section        0  rc.o(i.para_init)
    i.robot_control_5                        0x08002130   Section        0  rc.o(i.robot_control_5)
    .data                                    0x20000000   Section        4  main.o(.data)
    .data                                    0x20000004   Section        1  main.o(.data)
    .data                                    0x20000005   Section       16  stm32f4xx_rcc.o(.data)
    APBAHBPrescTable                         0x20000005   Data          16  stm32f4xx_rcc.o(.data)
    .data                                    0x20000016   Section        4  delay.o(.data)
    fac_us                                   0x20000016   Data           1  delay.o(.data)
    fac_ms                                   0x20000018   Data           2  delay.o(.data)
    .data                                    0x2000001c   Section       20  can1.o(.data)
    .data                                    0x20000030   Section       44  pstwo.o(.data)
    .data                                    0x2000005c   Section       24  rc.o(.data)
    key_flag                                 0x2000005d   Data           1  rc.o(.data)
    STEP                                     0x20000068   Data           6  rc.o(.data)
    .data                                    0x20000074   Section        4  time.o(.data)
    .data                                    0x20000078   Section       51  transfer.o(.data)
    .bss                                     0x200000ac   Section       68  can1.o(.bss)
    .bss                                     0x200000f0   Section        9  pstwo.o(.bss)
    .bss                                     0x200000fc   Section      524  rc.o(.bss)
    STACK                                    0x20000308   Section     1024  startup_stm32f40_41xxx.o(STACK)

    Global Symbols

    Symbol Name                              Value     Ov Type        Size  Object(Section)

    BuildAttributes$$THM_ISAv4$E$P$D$K$B$S$7EM$VFPi3$EXTD16$VFPS$VFMA$PE$A:L22UL41UL21$X:L11$S22US41US21$IEEE1$IW$USESV6$~STKCKD$USESV7$~SHL$OSPACE$ROPI$EBA8$MICROLIB$REQ8$PRES8$EABIv2 0x00000000   Number         0  anon$$obj.o ABSOLUTE
    __ARM_use_no_argv                        0x00000000   Number         0  main.o ABSOLUTE
    __cpp_initialize__aeabi_                  - Undefined Weak Reference
    __cxa_finalize                            - Undefined Weak Reference
    __decompress                              - Undefined Weak Reference
    _clock_init                               - Undefined Weak Reference
    _microlib_exit                            - Undefined Weak Reference
    __Vectors_Size                           0x00000188   Number         0  startup_stm32f40_41xxx.o ABSOLUTE
    __Vectors                                0x08000000   Data           4  startup_stm32f40_41xxx.o(RESET)
    __Vectors_End                            0x08000188   Data           0  startup_stm32f40_41xxx.o(RESET)
    __main                                   0x08000189   Thumb Code     0  entry.o(.ARM.Collect$$$$00000000)
    _main_stk                                0x08000189   Thumb Code     0  entry2.o(.ARM.Collect$$$$00000001)
    _main_scatterload                        0x0800018d   Thumb Code     0  entry5.o(.ARM.Collect$$$$00000004)
    __main_after_scatterload                 0x08000191   Thumb Code     0  entry5.o(.ARM.Collect$$$$00000004)
    _main_clock                              0x08000191   Thumb Code     0  entry7b.o(.ARM.Collect$$$$00000008)
    _main_cpp_init                           0x08000191   Thumb Code     0  entry8b.o(.ARM.Collect$$$$0000000A)
    _main_init                               0x08000191   Thumb Code     0  entry9a.o(.ARM.Collect$$$$0000000B)
    __rt_final_cpp                           0x08000199   Thumb Code     0  entry10a.o(.ARM.Collect$$$$0000000D)
    __rt_final_exit                          0x08000199   Thumb Code     0  entry11a.o(.ARM.Collect$$$$0000000F)
    Reset_Handler                            0x0800019d   Thumb Code     8  startup_stm32f40_41xxx.o(.text)
    SysTick_Handler                          0x080001b5   Thumb Code     2  startup_stm32f40_41xxx.o(.text)
    ADC_IRQHandler                           0x080001b7   Thumb Code     0  startup_stm32f40_41xxx.o(.text)
    CAN1_RX1_IRQHandler                      0x080001b7   Thumb Code     0  startup_stm32f40_41xxx.o(.text)
    CAN1_SCE_IRQHandler                      0x080001b7   Thumb Code     0  startup_stm32f40_41xxx.o(.text)
    CAN2_RX0_IRQHandler                      0x080001b7   Thumb Code     0  startup_stm32f40_41xxx.o(.text)
    CAN2_RX1_IRQHandler                      0x080001b7   Thumb Code     0  startup_stm32f40_41xxx.o(.text)
    CAN2_SCE_IRQHandler                      0x080001b7   Thumb Code     0  startup_stm32f40_41xxx.o(.text)
    CAN2_TX_IRQHandler                       0x080001b7   Thumb Code     0  startup_stm32f40_41xxx.o(.text)
    CRYP_IRQHandler                          0x080001b7   Thumb Code     0  startup_stm32f40_41xxx.o(.text)
    DCMI_IRQHandler                          0x080001b7   Thumb Code     0  startup_stm32f40_41xxx.o(.text)
    DMA1_Stream0_IRQHandler                  0x080001b7   Thumb Code     0  startup_stm32f40_41xxx.o(.text)
    DMA1_Stream1_IRQHandler                  0x080001b7   Thumb Code     0  startup_stm32f40_41xxx.o(.text)
    DMA1_Stream2_IRQHandler                  0x080001b7   Thumb Code     0  startup_stm32f40_41xxx.o(.text)
    DMA1_Stream3_IRQHandler                  0x080001b7   Thumb Code     0  startup_stm32f40_41xxx.o(.text)
    DMA1_Stream4_IRQHandler                  0x080001b7   Thumb Code     0  startup_stm32f40_41xxx.o(.text)
    DMA1_Stream5_IRQHandler                  0x080001b7   Thumb Code     0  startup_stm32f40_41xxx.o(.text)
    DMA1_Stream6_IRQHandler                  0x080001b7   Thumb Code     0  startup_stm32f40_41xxx.o(.text)
    DMA1_Stream7_IRQHandler                  0x080001b7   Thumb Code     0  startup_stm32f40_41xxx.o(.text)
    DMA2_Stream0_IRQHandler                  0x080001b7   Thumb Code     0  startup_stm32f40_41xxx.o(.text)
    DMA2_Stream1_IRQHandler                  0x080001b7   Thumb Code     0  startup_stm32f40_41xxx.o(.text)
    DMA2_Stream2_IRQHandler                  0x080001b7   Thumb Code     0  startup_stm32f40_41xxx.o(.text)
    DMA2_Stream3_IRQHandler                  0x080001b7   Thumb Code     0  startup_stm32f40_41xxx.o(.text)
    DMA2_Stream4_IRQHandler                  0x080001b7   Thumb Code     0  startup_stm32f40_41xxx.o(.text)
    DMA2_Stream5_IRQHandler                  0x080001b7   Thumb Code     0  startup_stm32f40_41xxx.o(.text)
    DMA2_Stream6_IRQHandler                  0x080001b7   Thumb Code     0  startup_stm32f40_41xxx.o(.text)
    DMA2_Stream7_IRQHandler                  0x080001b7   Thumb Code     0  startup_stm32f40_41xxx.o(.text)
    ETH_IRQHandler                           0x080001b7   Thumb Code     0  startup_stm32f40_41xxx.o(.text)
    ETH_WKUP_IRQHandler                      0x080001b7   Thumb Code     0  startup_stm32f40_41xxx.o(.text)
    EXTI0_IRQHandler                         0x080001b7   Thumb Code     0  startup_stm32f40_41xxx.o(.text)
    EXTI15_10_IRQHandler                     0x080001b7   Thumb Code     0  startup_stm32f40_41xxx.o(.text)
    EXTI1_IRQHandler                         0x080001b7   Thumb Code     0  startup_stm32f40_41xxx.o(.text)
    EXTI2_IRQHandler                         0x080001b7   Thumb Code     0  startup_stm32f40_41xxx.o(.text)
    EXTI3_IRQHandler                         0x080001b7   Thumb Code     0  startup_stm32f40_41xxx.o(.text)
    EXTI4_IRQHandler                         0x080001b7   Thumb Code     0  startup_stm32f40_41xxx.o(.text)
    EXTI9_5_IRQHandler                       0x080001b7   Thumb Code     0  startup_stm32f40_41xxx.o(.text)
    FLASH_IRQHandler                         0x080001b7   Thumb Code     0  startup_stm32f40_41xxx.o(.text)
    FPU_IRQHandler                           0x080001b7   Thumb Code     0  startup_stm32f40_41xxx.o(.text)
    FSMC_IRQHandler                          0x080001b7   Thumb Code     0  startup_stm32f40_41xxx.o(.text)
    HASH_RNG_IRQHandler                      0x080001b7   Thumb Code     0  startup_stm32f40_41xxx.o(.text)
    I2C1_ER_IRQHandler                       0x080001b7   Thumb Code     0  startup_stm32f40_41xxx.o(.text)
    I2C1_EV_IRQHandler                       0x080001b7   Thumb Code     0  startup_stm32f40_41xxx.o(.text)
    I2C2_ER_IRQHandler                       0x080001b7   Thumb Code     0  startup_stm32f40_41xxx.o(.text)
    I2C2_EV_IRQHandler                       0x080001b7   Thumb Code     0  startup_stm32f40_41xxx.o(.text)
    I2C3_ER_IRQHandler                       0x080001b7   Thumb Code     0  startup_stm32f40_41xxx.o(.text)
    I2C3_EV_IRQHandler                       0x080001b7   Thumb Code     0  startup_stm32f40_41xxx.o(.text)
    OTG_FS_IRQHandler                        0x080001b7   Thumb Code     0  startup_stm32f40_41xxx.o(.text)
    OTG_FS_WKUP_IRQHandler                   0x080001b7   Thumb Code     0  startup_stm32f40_41xxx.o(.text)
    OTG_HS_EP1_IN_IRQHandler                 0x080001b7   Thumb Code     0  startup_stm32f40_41xxx.o(.text)
    OTG_HS_EP1_OUT_IRQHandler                0x080001b7   Thumb Code     0  startup_stm32f40_41xxx.o(.text)
    OTG_HS_IRQHandler                        0x080001b7   Thumb Code     0  startup_stm32f40_41xxx.o(.text)
    OTG_HS_WKUP_IRQHandler                   0x080001b7   Thumb Code     0  startup_stm32f40_41xxx.o(.text)
    PVD_IRQHandler                           0x080001b7   Thumb Code     0  startup_stm32f40_41xxx.o(.text)
    RCC_IRQHandler                           0x080001b7   Thumb Code     0  startup_stm32f40_41xxx.o(.text)
    RTC_Alarm_IRQHandler                     0x080001b7   Thumb Code     0  startup_stm32f40_41xxx.o(.text)
    RTC_WKUP_IRQHandler                      0x080001b7   Thumb Code     0  startup_stm32f40_41xxx.o(.text)
    SDIO_IRQHandler                          0x080001b7   Thumb Code     0  startup_stm32f40_41xxx.o(.text)
    SPI1_IRQHandler                          0x080001b7   Thumb Code     0  startup_stm32f40_41xxx.o(.text)
    SPI2_IRQHandler                          0x080001b7   Thumb Code     0  startup_stm32f40_41xxx.o(.text)
    SPI3_IRQHandler                          0x080001b7   Thumb Code     0  startup_stm32f40_41xxx.o(.text)
    TAMP_STAMP_IRQHandler                    0x080001b7   Thumb Code     0  startup_stm32f40_41xxx.o(.text)
    TIM1_BRK_TIM9_IRQHandler                 0x080001b7   Thumb Code     0  startup_stm32f40_41xxx.o(.text)
    TIM1_CC_IRQHandler                       0x080001b7   Thumb Code     0  startup_stm32f40_41xxx.o(.text)
    TIM1_TRG_COM_TIM11_IRQHandler            0x080001b7   Thumb Code     0  startup_stm32f40_41xxx.o(.text)
    TIM1_UP_TIM10_IRQHandler                 0x080001b7   Thumb Code     0  startup_stm32f40_41xxx.o(.text)
    TIM4_IRQHandler                          0x080001b7   Thumb Code     0  startup_stm32f40_41xxx.o(.text)
    TIM5_IRQHandler                          0x080001b7   Thumb Code     0  startup_stm32f40_41xxx.o(.text)
    TIM6_DAC_IRQHandler                      0x080001b7   Thumb Code     0  startup_stm32f40_41xxx.o(.text)
    TIM7_IRQHandler                          0x080001b7   Thumb Code     0  startup_stm32f40_41xxx.o(.text)
    TIM8_BRK_TIM12_IRQHandler                0x080001b7   Thumb Code     0  startup_stm32f40_41xxx.o(.text)
    TIM8_CC_IRQHandler                       0x080001b7   Thumb Code     0  startup_stm32f40_41xxx.o(.text)
    TIM8_TRG_COM_TIM14_IRQHandler            0x080001b7   Thumb Code     0  startup_stm32f40_41xxx.o(.text)
    TIM8_UP_TIM13_IRQHandler                 0x080001b7   Thumb Code     0  startup_stm32f40_41xxx.o(.text)
    UART4_IRQHandler                         0x080001b7   Thumb Code     0  startup_stm32f40_41xxx.o(.text)
    UART5_IRQHandler                         0x080001b7   Thumb Code     0  startup_stm32f40_41xxx.o(.text)
    USART1_IRQHandler                        0x080001b7   Thumb Code     0  startup_stm32f40_41xxx.o(.text)
    USART2_IRQHandler                        0x080001b7   Thumb Code     0  startup_stm32f40_41xxx.o(.text)
    USART6_IRQHandler                        0x080001b7   Thumb Code     0  startup_stm32f40_41xxx.o(.text)
    WWDG_IRQHandler                          0x080001b7   Thumb Code     0  startup_stm32f40_41xxx.o(.text)
    __aeabi_dadd                             0x080001c1   Thumb Code   322  dadd.o(.text)
    __aeabi_dsub                             0x08000303   Thumb Code     6  dadd.o(.text)
    __aeabi_drsub                            0x08000309   Thumb Code     6  dadd.o(.text)
    __aeabi_ddiv                             0x0800030f   Thumb Code   222  ddiv.o(.text)
    __aeabi_i2d                              0x080003ed   Thumb Code    34  dflti.o(.text)
    __aeabi_d2iz                             0x0800040f   Thumb Code    62  dfixi.o(.text)
    __aeabi_llsl                             0x0800044d   Thumb Code    30  llshl.o(.text)
    _ll_shift_l                              0x0800044d   Thumb Code     0  llshl.o(.text)
    __aeabi_llsr                             0x0800046b   Thumb Code    32  llushr.o(.text)
    _ll_ushift_r                             0x0800046b   Thumb Code     0  llushr.o(.text)
    __aeabi_lasr                             0x0800048b   Thumb Code    36  llsshr.o(.text)
    _ll_sshift_r                             0x0800048b   Thumb Code     0  llsshr.o(.text)
    __I$use$fp                               0x080004af   Thumb Code     0  iusefp.o(.text)
    _double_round                            0x080004af   Thumb Code    26  depilogue.o(.text)
    _double_epilogue                         0x080004c9   Thumb Code   156  depilogue.o(.text)
    __scatterload                            0x08000565   Thumb Code    28  init.o(.text)
    __scatterload_rt2                        0x08000565   Thumb Code     0  init.o(.text)
    BusFault_Handler                         0x08000589   Thumb Code     2  stm32f4xx_it.o(i.BusFault_Handler)
    CAN1_Configuration                       0x0800058d   Thumb Code   246  can1.o(i.CAN1_Configuration)
    CAN1_RX0_IRQHandler                      0x0800068d   Thumb Code   478  can1.o(i.CAN1_RX0_IRQHandler)
    CAN1_TX_IRQHandler                       0x08000879   Thumb Code    32  can1.o(i.CAN1_TX_IRQHandler)
    CAN_ClearITPendingBit                    0x080008a1   Thumb Code   132  stm32f4xx_can.o(i.CAN_ClearITPendingBit)
    CAN_DeInit                               0x08000929   Thumb Code    52  stm32f4xx_can.o(i.CAN_DeInit)
    CAN_FilterInit                           0x08000975   Thumb Code   202  stm32f4xx_can.o(i.CAN_FilterInit)
    CAN_GetITStatus                          0x08000a49   Thumb Code   200  stm32f4xx_can.o(i.CAN_GetITStatus)
    CAN_ITConfig                             0x08000b15   Thumb Code    20  stm32f4xx_can.o(i.CAN_ITConfig)
    CAN_Init                                 0x08000b29   Thumb Code   260  stm32f4xx_can.o(i.CAN_Init)
    CAN_Receive                              0x08000c2d   Thumb Code   130  stm32f4xx_can.o(i.CAN_Receive)
    CAN_RoboModule_DRV_Config                0x08000cb1   Thumb Code   116  can1.o(i.CAN_RoboModule_DRV_Config)
    CAN_RoboModule_DRV_Mode_Choice           0x08000d2d   Thumb Code   116  can1.o(i.CAN_RoboModule_DRV_Mode_Choice)
    CAN_RoboModule_DRV_Reset                 0x08000da9   Thumb Code   116  can1.o(i.CAN_RoboModule_DRV_Reset)
    CAN_RoboModule_DRV_Velocity_Mode         0x08000e25   Thumb Code   148  can1.o(i.CAN_RoboModule_DRV_Velocity_Mode)
    CAN_StructInit                           0x08000ec5   Thumb Code    32  stm32f4xx_can.o(i.CAN_StructInit)
    CAN_Transmit                             0x08000ee5   Thumb Code   182  stm32f4xx_can.o(i.CAN_Transmit)
    DebugMon_Handler                         0x08000fa7   Thumb Code     2  stm32f4xx_it.o(i.DebugMon_Handler)
    GPIO_Init                                0x08000fa9   Thumb Code   124  stm32f4xx_gpio.o(i.GPIO_Init)
    GPIO_PinAFConfig                         0x08001025   Thumb Code    32  stm32f4xx_gpio.o(i.GPIO_PinAFConfig)
    Half_step                                0x08001045   Thumb Code   316  rc.o(i.Half_step)
    HardFault_Handler                        0x08001189   Thumb Code     2  stm32f4xx_it.o(i.HardFault_Handler)
    IIC_Init                                 0x0800118d   Thumb Code    52  myiic.o(i.IIC_Init)
    KEY_SWITCH                               0x080011c9   Thumb Code   158  rc.o(i.KEY_SWITCH)
    MemManage_Handler                        0x08001275   Thumb Code     2  stm32f4xx_it.o(i.MemManage_Handler)
    NMI_Handler                              0x08001277   Thumb Code     2  stm32f4xx_it.o(i.NMI_Handler)
    NVIC_Configuration                       0x08001279   Thumb Code    50  nvic.o(i.NVIC_Configuration)
    NVIC_Init                                0x080012ad   Thumb Code    98  misc.o(i.NVIC_Init)
    NVIC_PriorityGroupConfig                 0x08001315   Thumb Code    10  misc.o(i.NVIC_PriorityGroupConfig)
    NVIC_SetVectorTable                      0x08001329   Thumb Code    12  misc.o(i.NVIC_SetVectorTable)
    PS2_ClearData                            0x0800133d   Thumb Code    18  pstwo.o(i.PS2_ClearData)
    PS2_DataKey                              0x08001355   Thumb Code    98  pstwo.o(i.PS2_DataKey)
    PS2_Init                                 0x080013c5   Thumb Code    78  pstwo.o(i.PS2_Init)
    PS2_ReadData                             0x0800141d   Thumb Code   102  pstwo.o(i.PS2_ReadData)
    PendSV_Handler                           0x08001489   Thumb Code     2  stm32f4xx_it.o(i.PendSV_Handler)
    RCC_AHB1PeriphClockCmd                   0x0800148d   Thumb Code    22  stm32f4xx_rcc.o(i.RCC_AHB1PeriphClockCmd)
    RCC_APB1PeriphClockCmd                   0x080014a9   Thumb Code    22  stm32f4xx_rcc.o(i.RCC_APB1PeriphClockCmd)
    RCC_APB1PeriphResetCmd                   0x080014c5   Thumb Code    22  stm32f4xx_rcc.o(i.RCC_APB1PeriphResetCmd)
    RCC_APB2PeriphResetCmd                   0x080014e1   Thumb Code    22  stm32f4xx_rcc.o(i.RCC_APB2PeriphResetCmd)
    RCC_GetClocksFreq                        0x080014fd   Thumb Code   148  stm32f4xx_rcc.o(i.RCC_GetClocksFreq)
    Robot_init                               0x080015a1   Thumb Code    52  rc.o(i.Robot_init)
    SVC_Handler                              0x080015dd   Thumb Code     2  stm32f4xx_it.o(i.SVC_Handler)
    Stand                                    0x08001699   Thumb Code   170  rc.o(i.Stand)
    SysTick_CLKSourceConfig                  0x08001751   Thumb Code    28  misc.o(i.SysTick_CLKSourceConfig)
    SystemInit                               0x0800176d   Thumb Code    74  system_stm32f4xx.o(i.SystemInit)
    TIM2_IRQHandler                          0x080017c9   Thumb Code    24  time.o(i.TIM2_IRQHandler)
    TIM3_IRQHandler                          0x080017e1   Thumb Code    48  time.o(i.TIM3_IRQHandler)
    TIM3_Int_Init                            0x08001819   Thumb Code    88  time.o(i.TIM3_Int_Init)
    TIM_ClearITPendingBit                    0x08001875   Thumb Code     6  stm32f4xx_tim.o(i.TIM_ClearITPendingBit)
    TIM_Cmd                                  0x0800187b   Thumb Code    24  stm32f4xx_tim.o(i.TIM_Cmd)
    TIM_GetITStatus                          0x08001893   Thumb Code    24  stm32f4xx_tim.o(i.TIM_GetITStatus)
    TIM_ITConfig                             0x080018ab   Thumb Code    20  stm32f4xx_tim.o(i.TIM_ITConfig)
    TIM_TimeBaseInit                         0x080018c1   Thumb Code    96  stm32f4xx_tim.o(i.TIM_TimeBaseInit)
    USART3_IRQHandler                        0x0800193d   Thumb Code    84  sci.o(i.USART3_IRQHandler)
    USART_ClearFlag                          0x08001995   Thumb Code     8  stm32f4xx_usart.o(i.USART_ClearFlag)
    USART_ClearITPendingBit                  0x0800199d   Thumb Code    16  stm32f4xx_usart.o(i.USART_ClearITPendingBit)
    USART_ClockInit                          0x080019ad   Thumb Code    28  stm32f4xx_usart.o(i.USART_ClockInit)
    USART_ClockStructInit                    0x080019c9   Thumb Code    12  stm32f4xx_usart.o(i.USART_ClockStructInit)
    USART_Cmd                                0x080019d5   Thumb Code    24  stm32f4xx_usart.o(i.USART_Cmd)
    USART_Configuration                      0x080019ed   Thumb Code   196  sci.o(i.USART_Configuration)
    USART_DeInit                             0x08001ab9   Thumb Code   224  stm32f4xx_usart.o(i.USART_DeInit)
    USART_GetFlagStatus                      0x08001bb9   Thumb Code    14  stm32f4xx_usart.o(i.USART_GetFlagStatus)
    USART_GetITStatus                        0x08001bc7   Thumb Code    64  stm32f4xx_usart.o(i.USART_GetITStatus)
    USART_ITConfig                           0x08001c07   Thumb Code    54  stm32f4xx_usart.o(i.USART_ITConfig)
    USART_Init                               0x08001c3d   Thumb Code   180  stm32f4xx_usart.o(i.USART_Init)
    USART_SendData                           0x08001cf9   Thumb Code     8  stm32f4xx_usart.o(i.USART_SendData)
    USART_StructInit                         0x08001d01   Thumb Code    22  stm32f4xx_usart.o(i.USART_StructInit)
    UsageFault_Handler                       0x08001d17   Thumb Code     2  stm32f4xx_it.o(i.UsageFault_Handler)
    __scatterload_copy                       0x08001d19   Thumb Code    14  handlers.o(i.__scatterload_copy)
    __scatterload_null                       0x08001d27   Thumb Code     2  handlers.o(i.__scatterload_null)
    __scatterload_zeroinit                   0x08001d29   Thumb Code    14  handlers.o(i.__scatterload_zeroinit)
    delay_init                               0x08001d39   Thumb Code    38  delay.o(i.delay_init)
    delay_ms                                 0x08001d65   Thumb Code    50  delay.o(i.delay_ms)
    delay_us                                 0x08001d99   Thumb Code    46  delay.o(i.delay_us)
    delay_xms                                0x08001dcd   Thumb Code    46  delay.o(i.delay_xms)
    key_get                                  0x08001e01   Thumb Code    30  pstwo.o(i.key_get)
    main                                     0x08001e21   Thumb Code   246  main.o(i.main)
    message_merge                            0x08001f2d   Thumb Code    92  transfer.o(i.message_merge)
    message_transfer                         0x08001f91   Thumb Code    36  transfer.o(i.message_transfer)
    motor_control                            0x08001fbd   Thumb Code   148  rc.o(i.motor_control)
    motor_control_3                          0x08002065   Thumb Code   146  rc.o(i.motor_control_3)
    para_init                                0x08002109   Thumb Code    32  rc.o(i.para_init)
    robot_control_5                          0x08002131   Thumb Code   524  rc.o(i.robot_control_5)
    Region$$Table$$Base                      0x08002350   Number         0  anon$$obj.o(Region$$Table)
    Region$$Table$$Limit                     0x08002370   Number         0  anon$$obj.o(Region$$Table)
    KEY                                      0x20000000   Data           4  main.o(.data)
    x                                        0x20000004   Data           1  main.o(.data)
    can_tx_success_flag                      0x2000001c   Data           1  can1.o(.data)
    CAN_Time_Out                             0x20000020   Data           4  can1.o(.data)
    Real_Online                              0x20000024   Data           4  can1.o(.data)
    Real_Ctl1_Value                          0x20000028   Data           4  can1.o(.data)
    Real_Ctl2_Value                          0x2000002c   Data           4  can1.o(.data)
    Handkey                                  0x20000030   Data           2  pstwo.o(.data)
    scan                                     0x20000032   Data           9  pstwo.o(.data)
    MASK                                     0x2000003c   Data          32  pstwo.o(.data)
    step                                     0x2000005c   Data           1  rc.o(.data)
    robState                                 0x2000005e   Data           1  rc.o(.data)
    robSubState                              0x2000005f   Data           1  rc.o(.data)
    L_position                               0x20000060   Data           4  rc.o(.data)
    R_position                               0x20000064   Data           4  rc.o(.data)
    arrive                                   0x2000006e   Data           6  rc.o(.data)
    Msg_cnt                                  0x20000074   Data           4  time.o(.data)
    TX_Data                                  0x20000078   Data          51  transfer.o(.data)
    Real_Current_Value                       0x200000ac   Data          12  can1.o(.bss)
    Real_Velocity_Value                      0x200000b8   Data          12  can1.o(.bss)
    Real_Position_Value                      0x200000c4   Data          24  can1.o(.bss)
    rx_message                               0x200000dc   Data          20  can1.o(.bss)
    Data                                     0x200000f0   Data           9  pstwo.o(.bss)
    RC                                       0x200000fc   Data          20  rc.o(.bss)
    _Motor                                   0x20000110   Data          72  rc.o(.bss)
    Motor                                    0x20000158   Data         432  rc.o(.bss)
    __initial_sp                             0x20000708   Data           0  startup_stm32f40_41xxx.o(STACK)



==============================================================================

Memory Map of the image

  Image Entry point : 0x08000189

  Load Region LR_IROM1 (Base: 0x08000000, Size: 0x0000241c, Max: 0x00080000, ABSOLUTE)

    Execution Region ER_IROM1 (Base: 0x08000000, Size: 0x00002370, Max: 0x00080000, ABSOLUTE)

    Base Addr    Size         Type   Attr      Idx    E Section Name        Object

    0x08000000   0x00000188   Data   RO          359    RESET               startup_stm32f40_41xxx.o
    0x08000188   0x00000000   Code   RO         2490  * .ARM.Collect$$$$00000000  mc_w.l(entry.o)
    0x08000188   0x00000004   Code   RO         2501    .ARM.Collect$$$$00000001  mc_w.l(entry2.o)
    0x0800018c   0x00000004   Code   RO         2504    .ARM.Collect$$$$00000004  mc_w.l(entry5.o)
    0x08000190   0x00000000   Code   RO         2506    .ARM.Collect$$$$00000008  mc_w.l(entry7b.o)
    0x08000190   0x00000000   Code   RO         2508    .ARM.Collect$$$$0000000A  mc_w.l(entry8b.o)
    0x08000190   0x00000008   Code   RO         2509    .ARM.Collect$$$$0000000B  mc_w.l(entry9a.o)
    0x08000198   0x00000000   Code   RO         2511    .ARM.Collect$$$$0000000D  mc_w.l(entry10a.o)
    0x08000198   0x00000000   Code   RO         2513    .ARM.Collect$$$$0000000F  mc_w.l(entry11a.o)
    0x08000198   0x00000004   Code   RO         2502    .ARM.Collect$$$$00002712  mc_w.l(entry2.o)
    0x0800019c   0x00000024   Code   RO          360    .text               startup_stm32f40_41xxx.o
    0x080001c0   0x0000014e   Code   RO         2493    .text               mf_w.l(dadd.o)
    0x0800030e   0x000000de   Code   RO         2495    .text               mf_w.l(ddiv.o)
    0x080003ec   0x00000022   Code   RO         2497    .text               mf_w.l(dflti.o)
    0x0800040e   0x0000003e   Code   RO         2499    .text               mf_w.l(dfixi.o)
    0x0800044c   0x0000001e   Code   RO         2515    .text               mc_w.l(llshl.o)
    0x0800046a   0x00000020   Code   RO         2517    .text               mc_w.l(llushr.o)
    0x0800048a   0x00000024   Code   RO         2519    .text               mc_w.l(llsshr.o)
    0x080004ae   0x00000000   Code   RO         2521    .text               mc_w.l(iusefp.o)
    0x080004ae   0x000000b6   Code   RO         2522    .text               mf_w.l(depilogue.o)
    0x08000564   0x00000024   Code   RO         2524    .text               mc_w.l(init.o)
    0x08000588   0x00000002   Code   RO          181    i.BusFault_Handler  stm32f4xx_it.o
    0x0800058a   0x00000002   PAD
    0x0800058c   0x00000100   Code   RO         1950    i.CAN1_Configuration  can1.o
    0x0800068c   0x000001ec   Code   RO         1951    i.CAN1_RX0_IRQHandler  can1.o
    0x08000878   0x00000028   Code   RO         1952    i.CAN1_TX_IRQHandler  can1.o
    0x080008a0   0x00000088   Code   RO         1132    i.CAN_ClearITPendingBit  stm32f4xx_can.o
    0x08000928   0x00000038   Code   RO         1134    i.CAN_DeInit        stm32f4xx_can.o
    0x08000960   0x00000014   Code   RO         1953    i.CAN_Delay_Us      can1.o
    0x08000974   0x000000d4   Code   RO         1136    i.CAN_FilterInit    stm32f4xx_can.o
    0x08000a48   0x000000cc   Code   RO         1138    i.CAN_GetITStatus   stm32f4xx_can.o
    0x08000b14   0x00000014   Code   RO         1142    i.CAN_ITConfig      stm32f4xx_can.o
    0x08000b28   0x00000104   Code   RO         1143    i.CAN_Init          stm32f4xx_can.o
    0x08000c2c   0x00000082   Code   RO         1146    i.CAN_Receive       stm32f4xx_can.o
    0x08000cae   0x00000002   PAD
    0x08000cb0   0x0000007c   Code   RO         1954    i.CAN_RoboModule_DRV_Config  can1.o
    0x08000d2c   0x0000007c   Code   RO         1959    i.CAN_RoboModule_DRV_Mode_Choice  can1.o
    0x08000da8   0x0000007c   Code   RO         1963    i.CAN_RoboModule_DRV_Reset  can1.o
    0x08000e24   0x000000a0   Code   RO         1964    i.CAN_RoboModule_DRV_Velocity_Mode  can1.o
    0x08000ec4   0x00000020   Code   RO         1149    i.CAN_StructInit    stm32f4xx_can.o
    0x08000ee4   0x000000b6   Code   RO         1151    i.CAN_Transmit      stm32f4xx_can.o
    0x08000f9a   0x0000000c   Code   RO         1154    i.CheckITStatus     stm32f4xx_can.o
    0x08000fa6   0x00000002   Code   RO          182    i.DebugMon_Handler  stm32f4xx_it.o
    0x08000fa8   0x0000007c   Code   RO          417    i.GPIO_Init         stm32f4xx_gpio.o
    0x08001024   0x00000020   Code   RO          418    i.GPIO_PinAFConfig  stm32f4xx_gpio.o
    0x08001044   0x00000144   Code   RO         2286    i.Half_step         rc.o
    0x08001188   0x00000002   Code   RO          183    i.HardFault_Handler  stm32f4xx_it.o
    0x0800118a   0x00000002   PAD
    0x0800118c   0x0000003c   Code   RO         2106    i.IIC_Init          myiic.o
    0x080011c8   0x000000ac   Code   RO         2287    i.KEY_SWITCH        rc.o
    0x08001274   0x00000002   Code   RO          184    i.MemManage_Handler  stm32f4xx_it.o
    0x08001276   0x00000002   Code   RO          185    i.NMI_Handler       stm32f4xx_it.o
    0x08001278   0x00000032   Code   RO          277    i.NVIC_Configuration  nvic.o
    0x080012aa   0x00000002   PAD
    0x080012ac   0x00000068   Code   RO          898    i.NVIC_Init         misc.o
    0x08001314   0x00000014   Code   RO          899    i.NVIC_PriorityGroupConfig  misc.o
    0x08001328   0x00000014   Code   RO          900    i.NVIC_SetVectorTable  misc.o
    0x0800133c   0x00000018   Code   RO         2229    i.PS2_ClearData     pstwo.o
    0x08001354   0x00000070   Code   RO         2230    i.PS2_DataKey       pstwo.o
    0x080013c4   0x00000058   Code   RO         2231    i.PS2_Init          pstwo.o
    0x0800141c   0x0000006c   Code   RO         2232    i.PS2_ReadData      pstwo.o
    0x08001488   0x00000002   Code   RO          186    i.PendSV_Handler    stm32f4xx_it.o
    0x0800148a   0x00000002   PAD
    0x0800148c   0x0000001c   Code   RO          514    i.RCC_AHB1PeriphClockCmd  stm32f4xx_rcc.o
    0x080014a8   0x0000001c   Code   RO          523    i.RCC_APB1PeriphClockCmd  stm32f4xx_rcc.o
    0x080014c4   0x0000001c   Code   RO          525    i.RCC_APB1PeriphResetCmd  stm32f4xx_rcc.o
    0x080014e0   0x0000001c   Code   RO          528    i.RCC_APB2PeriphResetCmd  stm32f4xx_rcc.o
    0x080014fc   0x000000a4   Code   RO          535    i.RCC_GetClocksFreq  stm32f4xx_rcc.o
    0x080015a0   0x0000003c   Code   RO         2288    i.Robot_init        rc.o
    0x080015dc   0x00000002   Code   RO          187    i.SVC_Handler       stm32f4xx_it.o
    0x080015de   0x00000002   PAD
    0x080015e0   0x000000b8   Code   RO         1855    i.SetSysClock       system_stm32f4xx.o
    0x08001698   0x000000b8   Code   RO         2289    i.Stand             rc.o
    0x08001750   0x0000001c   Code   RO          902    i.SysTick_CLKSourceConfig  misc.o
    0x0800176c   0x0000005c   Code   RO         1857    i.SystemInit        system_stm32f4xx.o
    0x080017c8   0x00000018   Code   RO         2396    i.TIM2_IRQHandler   time.o
    0x080017e0   0x00000038   Code   RO         2397    i.TIM3_IRQHandler   time.o
    0x08001818   0x0000005c   Code   RO         2398    i.TIM3_Int_Init     time.o
    0x08001874   0x00000006   Code   RO         1304    i.TIM_ClearITPendingBit  stm32f4xx_tim.o
    0x0800187a   0x00000018   Code   RO         1309    i.TIM_Cmd           stm32f4xx_tim.o
    0x08001892   0x00000018   Code   RO         1330    i.TIM_GetITStatus   stm32f4xx_tim.o
    0x080018aa   0x00000014   Code   RO         1334    i.TIM_ITConfig      stm32f4xx_tim.o
    0x080018be   0x00000002   PAD
    0x080018c0   0x0000007c   Code   RO         1381    i.TIM_TimeBaseInit  stm32f4xx_tim.o
    0x0800193c   0x00000058   Code   RO          300    i.USART3_IRQHandler  sci.o
    0x08001994   0x00000008   Code   RO          942    i.USART_ClearFlag   stm32f4xx_usart.o
    0x0800199c   0x00000010   Code   RO          943    i.USART_ClearITPendingBit  stm32f4xx_usart.o
    0x080019ac   0x0000001c   Code   RO          944    i.USART_ClockInit   stm32f4xx_usart.o
    0x080019c8   0x0000000c   Code   RO          945    i.USART_ClockStructInit  stm32f4xx_usart.o
    0x080019d4   0x00000018   Code   RO          946    i.USART_Cmd         stm32f4xx_usart.o
    0x080019ec   0x000000cc   Code   RO          301    i.USART_Configuration  sci.o
    0x08001ab8   0x00000100   Code   RO          948    i.USART_DeInit      stm32f4xx_usart.o
    0x08001bb8   0x0000000e   Code   RO          949    i.USART_GetFlagStatus  stm32f4xx_usart.o
    0x08001bc6   0x00000040   Code   RO          950    i.USART_GetITStatus  stm32f4xx_usart.o
    0x08001c06   0x00000036   Code   RO          952    i.USART_ITConfig    stm32f4xx_usart.o
    0x08001c3c   0x000000bc   Code   RO          953    i.USART_Init        stm32f4xx_usart.o
    0x08001cf8   0x00000008   Code   RO          963    i.USART_SendData    stm32f4xx_usart.o
    0x08001d00   0x00000016   Code   RO          969    i.USART_StructInit  stm32f4xx_usart.o
    0x08001d16   0x00000002   Code   RO          188    i.UsageFault_Handler  stm32f4xx_it.o
    0x08001d18   0x0000000e   Code   RO         2528    i.__scatterload_copy  mc_w.l(handlers.o)
    0x08001d26   0x00000002   Code   RO         2529    i.__scatterload_null  mc_w.l(handlers.o)
    0x08001d28   0x0000000e   Code   RO         2530    i.__scatterload_zeroinit  mc_w.l(handlers.o)
    0x08001d36   0x00000002   PAD
    0x08001d38   0x0000002c   Code   RO         1892    i.delay_init        delay.o
    0x08001d64   0x00000032   Code   RO         1893    i.delay_ms          delay.o
    0x08001d96   0x00000002   PAD
    0x08001d98   0x00000034   Code   RO         1894    i.delay_us          delay.o
    0x08001dcc   0x00000034   Code   RO         1895    i.delay_xms         delay.o
    0x08001e00   0x0000001e   Code   RO         2233    i.key_get           pstwo.o
    0x08001e1e   0x00000002   PAD
    0x08001e20   0x0000010c   Code   RO          246    i.main              main.o
    0x08001f2c   0x00000064   Code   RO         2444    i.message_merge     transfer.o
    0x08001f90   0x0000002c   Code   RO         2445    i.message_transfer  transfer.o
    0x08001fbc   0x000000a8   Code   RO         2290    i.motor_control     rc.o
    0x08002064   0x000000a4   Code   RO         2292    i.motor_control_3   rc.o
    0x08002108   0x00000028   Code   RO         2293    i.para_init         rc.o
    0x08002130   0x00000220   Code   RO         2298    i.robot_control_5   rc.o
    0x08002350   0x00000020   Data   RO         2526    Region$$Table       anon$$obj.o


    Execution Region RW_IRAM1 (Base: 0x20000000, Size: 0x00000708, Max: 0x00020000, ABSOLUTE)

    Base Addr    Size         Type   Attr      Idx    E Section Name        Object

    0x20000000   0x00000004   Data   RW          247    .data               main.o
    0x20000004   0x00000001   Data   RW          248    .data               main.o
    0x20000005   0x00000010   Data   RW          566    .data               stm32f4xx_rcc.o
    0x20000015   0x00000001   PAD
    0x20000016   0x00000004   Data   RW         1896    .data               delay.o
    0x2000001a   0x00000002   PAD
    0x2000001c   0x00000014   Data   RW         1967    .data               can1.o
    0x20000030   0x0000002c   Data   RW         2236    .data               pstwo.o
    0x2000005c   0x00000018   Data   RW         2301    .data               rc.o
    0x20000074   0x00000004   Data   RW         2401    .data               time.o
    0x20000078   0x00000033   Data   RW         2446    .data               transfer.o
    0x200000ab   0x00000001   PAD
    0x200000ac   0x00000044   Zero   RW         1966    .bss                can1.o
    0x200000f0   0x00000009   Zero   RW         2234    .bss                pstwo.o
    0x200000f9   0x00000003   PAD
    0x200000fc   0x0000020c   Zero   RW         2300    .bss                rc.o
    0x20000308   0x00000400   Zero   RW          357    STACK               startup_stm32f40_41xxx.o


==============================================================================

Image component sizes


      Code (inc. data)   RO Data    RW Data    ZI Data      Debug   Object Name

      1340         68          0         20         68       7367   can1.o
       198         18          0          4          0       2619   delay.o
       268         22          0          5          0        895   main.o
       172         24          0          0          0       3115   misc.o
        60          8          0          0          0        539   myiic.o
        50          0          0          0          0        549   nvic.o
       362         36          0         44          9       3812   pstwo.o
      1656        126          0         24        524       8146   rc.o
       292         12          0          0          0       1306   sci.o
        36          8        392          0       1024        944   startup_stm32f40_41xxx.o
         0          0          0          0          0     289332   stm32f4xx_assert.o
      1244         22          0          0          0       9052   stm32f4xx_can.o
       156          0          0          0          0       2035   stm32f4xx_gpio.o
        16          0          0          0          0       3844   stm32f4xx_it.o
       276         40          0         16          0       5980   stm32f4xx_rcc.o
       198         28          0          0          0       4330   stm32f4xx_tim.o
       694         40          0          0          0      10225   stm32f4xx_usart.o
       276         34          0          0          0       1633   system_stm32f4xx.o
       172         12          0          4          0       2000   time.o
       144         16          0         51          0       1719   transfer.o

    ----------------------------------------------------------------------
      7628        514        424        172       1628     359442   Object Totals
         0          0         32          0          0          0   (incl. Generated)
        18          0          0          4          3          0   (incl. Padding)

    ----------------------------------------------------------------------

      Code (inc. data)   RO Data    RW Data    ZI Data      Debug   Library Member Name

         0          0          0          0          0          0   entry.o
         0          0          0          0          0          0   entry10a.o
         0          0          0          0          0          0   entry11a.o
         8          4          0          0          0          0   entry2.o
         4          0          0          0          0          0   entry5.o
         0          0          0          0          0          0   entry7b.o
         0          0          0          0          0          0   entry8b.o
         8          4          0          0          0          0   entry9a.o
        30          0          0          0          0          0   handlers.o
        36          8          0          0          0         68   init.o
         0          0          0          0          0          0   iusefp.o
        30          0          0          0          0         68   llshl.o
        36          0          0          0          0         68   llsshr.o
        32          0          0          0          0         68   llushr.o
       334          0          0          0          0        148   dadd.o
       222          0          0          0          0        100   ddiv.o
       182          0          0          0          0        176   depilogue.o
        62          0          0          0          0         80   dfixi.o
        34          0          0          0          0         76   dflti.o

    ----------------------------------------------------------------------
      1020         16          0          0          0        852   Library Totals
         2          0          0          0          0          0   (incl. Padding)

    ----------------------------------------------------------------------

      Code (inc. data)   RO Data    RW Data    ZI Data      Debug   Library Name

       184         16          0          0          0        272   mc_w.l
       834          0          0          0          0        580   mf_w.l

    ----------------------------------------------------------------------
      1020         16          0          0          0        852   Library Totals

    ----------------------------------------------------------------------

==============================================================================


      Code (inc. data)   RO Data    RW Data    ZI Data      Debug   

      8648        530        424        172       1628     352334   Grand Totals
      8648        530        424        172       1628     352334   ELF Image Totals
      8648        530        424        172          0          0   ROM Totals

==============================================================================

    Total RO  Size (Code + RO Data)                 9072 (   8.86kB)
    Total RW  Size (RW Data + ZI Data)              1800 (   1.76kB)
    Total ROM Size (Code + RO Data + RW Data)       9244 (   9.03kB)

==============================================================================

